Component: ARM Compiler 5.06 update 5 (build 528) Tool: armlink [4d35e2]

==============================================================================

Section Cross References

    stm32f10x_adc.o(i.ADC_DeInit) refers to stm32f10x_rcc.o(i.RCC_APB2PeriphResetCmd) for RCC_APB2PeriphResetCmd
    stm32f10x_bkp.o(i.BKP_DeInit) refers to stm32f10x_rcc.o(i.RCC_BackupResetCmd) for RCC_BackupResetCmd
    stm32f10x_can.o(i.CAN_DeInit) refers to stm32f10x_rcc.o(i.RCC_APB1PeriphResetCmd) for RCC_APB1PeriphResetCmd
    stm32f10x_can.o(i.CAN_GetITStatus) refers to stm32f10x_can.o(i.CheckITStatus) for CheckITStatus
    stm32f10x_cec.o(i.CEC_DeInit) refers to stm32f10x_rcc.o(i.RCC_APB1PeriphResetCmd) for RCC_APB1PeriphResetCmd
    stm32f10x_dac.o(i.DAC_DeInit) refers to stm32f10x_rcc.o(i.RCC_APB1PeriphResetCmd) for RCC_APB1PeriphResetCmd
    stm32f10x_flash.o(i.FLASH_EnableWriteProtection) refers to stm32f10x_flash.o(i.FLASH_WaitForLastOperation) for FLASH_WaitForLastOperation
    stm32f10x_flash.o(i.FLASH_EraseAllBank1Pages) refers to stm32f10x_flash.o(i.FLASH_WaitForLastBank1Operation) for FLASH_WaitForLastBank1Operation
    stm32f10x_flash.o(i.FLASH_EraseAllPages) refers to stm32f10x_flash.o(i.FLASH_WaitForLastOperation) for FLASH_WaitForLastOperation
    stm32f10x_flash.o(i.FLASH_EraseOptionBytes) refers to stm32f10x_flash.o(i.FLASH_GetReadOutProtectionStatus) for FLASH_GetReadOutProtectionStatus
    stm32f10x_flash.o(i.FLASH_EraseOptionBytes) refers to stm32f10x_flash.o(i.FLASH_WaitForLastOperation) for FLASH_WaitForLastOperation
    stm32f10x_flash.o(i.FLASH_ErasePage) refers to stm32f10x_flash.o(i.FLASH_WaitForLastOperation) for FLASH_WaitForLastOperation
    stm32f10x_flash.o(i.FLASH_ProgramHalfWord) refers to stm32f10x_flash.o(i.FLASH_WaitForLastOperation) for FLASH_WaitForLastOperation
    stm32f10x_flash.o(i.FLASH_ProgramOptionByteData) refers to stm32f10x_flash.o(i.FLASH_WaitForLastOperation) for FLASH_WaitForLastOperation
    stm32f10x_flash.o(i.FLASH_ProgramWord) refers to stm32f10x_flash.o(i.FLASH_WaitForLastOperation) for FLASH_WaitForLastOperation
    stm32f10x_flash.o(i.FLASH_ReadOutProtection) refers to stm32f10x_flash.o(i.FLASH_WaitForLastOperation) for FLASH_WaitForLastOperation
    stm32f10x_flash.o(i.FLASH_UserOptionByteConfig) refers to stm32f10x_flash.o(i.FLASH_WaitForLastOperation) for FLASH_WaitForLastOperation
    stm32f10x_flash.o(i.FLASH_WaitForLastBank1Operation) refers to stm32f10x_flash.o(i.FLASH_GetBank1Status) for FLASH_GetBank1Status
    stm32f10x_flash.o(i.FLASH_WaitForLastOperation) refers to stm32f10x_flash.o(i.FLASH_GetBank1Status) for FLASH_GetBank1Status
    stm32f10x_gpio.o(i.GPIO_AFIODeInit) refers to stm32f10x_rcc.o(i.RCC_APB2PeriphResetCmd) for RCC_APB2PeriphResetCmd
    stm32f10x_gpio.o(i.GPIO_DeInit) refers to stm32f10x_rcc.o(i.RCC_APB2PeriphResetCmd) for RCC_APB2PeriphResetCmd
    stm32f10x_i2c.o(i.I2C_DeInit) refers to stm32f10x_rcc.o(i.RCC_APB1PeriphResetCmd) for RCC_APB1PeriphResetCmd
    stm32f10x_i2c.o(i.I2C_Init) refers to stm32f10x_rcc.o(i.RCC_GetClocksFreq) for RCC_GetClocksFreq
    stm32f10x_pwr.o(i.PWR_DeInit) refers to stm32f10x_rcc.o(i.RCC_APB1PeriphResetCmd) for RCC_APB1PeriphResetCmd
    stm32f10x_rcc.o(i.RCC_GetClocksFreq) refers to stm32f10x_rcc.o(.data) for APBAHBPrescTable
    stm32f10x_rcc.o(i.RCC_WaitForHSEStartUp) refers to stm32f10x_rcc.o(i.RCC_GetFlagStatus) for RCC_GetFlagStatus
    stm32f10x_rtc.o(i.RTC_SetAlarm) refers to stm32f10x_rtc.o(i.RTC_EnterConfigMode) for RTC_EnterConfigMode
    stm32f10x_rtc.o(i.RTC_SetAlarm) refers to stm32f10x_rtc.o(i.RTC_ExitConfigMode) for RTC_ExitConfigMode
    stm32f10x_rtc.o(i.RTC_SetCounter) refers to stm32f10x_rtc.o(i.RTC_EnterConfigMode) for RTC_EnterConfigMode
    stm32f10x_rtc.o(i.RTC_SetCounter) refers to stm32f10x_rtc.o(i.RTC_ExitConfigMode) for RTC_ExitConfigMode
    stm32f10x_rtc.o(i.RTC_SetPrescaler) refers to stm32f10x_rtc.o(i.RTC_EnterConfigMode) for RTC_EnterConfigMode
    stm32f10x_rtc.o(i.RTC_SetPrescaler) refers to stm32f10x_rtc.o(i.RTC_ExitConfigMode) for RTC_ExitConfigMode
    stm32f10x_spi.o(i.I2S_Init) refers to stm32f10x_rcc.o(i.RCC_GetClocksFreq) for RCC_GetClocksFreq
    stm32f10x_spi.o(i.SPI_I2S_DeInit) refers to stm32f10x_rcc.o(i.RCC_APB2PeriphResetCmd) for RCC_APB2PeriphResetCmd
    stm32f10x_spi.o(i.SPI_I2S_DeInit) refers to stm32f10x_rcc.o(i.RCC_APB1PeriphResetCmd) for RCC_APB1PeriphResetCmd
    stm32f10x_tim.o(i.TIM_DeInit) refers to stm32f10x_rcc.o(i.RCC_APB2PeriphResetCmd) for RCC_APB2PeriphResetCmd
    stm32f10x_tim.o(i.TIM_DeInit) refers to stm32f10x_rcc.o(i.RCC_APB1PeriphResetCmd) for RCC_APB1PeriphResetCmd
    stm32f10x_tim.o(i.TIM_ETRClockMode1Config) refers to stm32f10x_tim.o(i.TIM_ETRConfig) for TIM_ETRConfig
    stm32f10x_tim.o(i.TIM_ETRClockMode2Config) refers to stm32f10x_tim.o(i.TIM_ETRConfig) for TIM_ETRConfig
    stm32f10x_tim.o(i.TIM_ICInit) refers to stm32f10x_tim.o(i.TI1_Config) for TI1_Config
[...]
    strncmp                                  0x08000881   Thumb Code   150  strncmp.o(.text)
    __aeabi_memcpy                           0x08000917   Thumb Code     0  rt_memcpy_v6.o(.text)
    __rt_memcpy                              0x08000917   Thumb Code   138  rt_memcpy_v6.o(.text)
    _memcpy_lastbytes                        0x0800097d   Thumb Code     0  rt_memcpy_v6.o(.text)
    __aeabi_memcpy4                          0x080009a1   Thumb Code     0  rt_memcpy_w.o(.text)
    __aeabi_memcpy8                          0x080009a1   Thumb Code     0  rt_memcpy_w.o(.text)
    __rt_memcpy_w                            0x080009a1   Thumb Code   100  rt_memcpy_w.o(.text)
    _memcpy_lastbytes_aligned                0x080009e9   Thumb Code     0  rt_memcpy_w.o(.text)
    __aeabi_memclr                           0x08000a05   Thumb Code     0  rt_memclr.o(.text)
    __rt_memclr                              0x08000a05   Thumb Code    68  rt_memclr.o(.text)
    _memset                                  0x08000a09   Thumb Code     0  rt_memclr.o(.text)
    __aeabi_memclr4                          0x08000a49   Thumb Code     0  rt_memclr_w.o(.text)
    __aeabi_memclr8                          0x08000a49   Thumb Code     0  rt_memclr_w.o(.text)
    __rt_memclr_w                            0x08000a49   Thumb Code    78  rt_memclr_w.o(.text)
    _memset_w                                0x08000a4d   Thumb Code     0  rt_memclr_w.o(.text)
    __use_two_region_memory                  0x08000a97   Thumb Code     2  heapauxi.o(.text)
    __rt_heap_escrow                         0x08000a99   Thumb Code     2  heapauxi.o(.text)
    __rt_heap_expand                         0x08000a9b   Thumb Code     2  heapauxi.o(.text)
    __rt_ctype_table                         0x08000a9d   Thumb Code    16  rt_ctype_table.o(.text)
    __rt_heap_descriptor                     0x08000aad   Thumb Code     8  rt_heap_descriptor_intlibspace.o(.text)
    __aeabi_errno_addr                       0x08000ab5   Thumb Code     8  rt_errno_addr_intlibspace.o(.text)
    __errno$intlibspace                      0x08000ab5   Thumb Code     0  rt_errno_addr_intlibspace.o(.text)
    __rt_errno_addr$intlibspace              0x08000ab5   Thumb Code     0  rt_errno_addr_intlibspace.o(.text)
    __use_no_heap                            0x08000abd   Thumb Code     2  hguard.o(.text)
    __heap$guard                             0x08000abf   Thumb Code     2  hguard.o(.text)
    _terminate_user_alloc                    0x08000ac1   Thumb Code     2  init_alloc.o(.text)
    _init_user_alloc                         0x08000ac3   Thumb Code     2  init_alloc.o(.text)
    __Heap_Full                              0x08000ac5   Thumb Code    34  init_alloc.o(.text)
    __Heap_Broken                            0x08000ae7   Thumb Code     6  init_alloc.o(.text)
    _init_alloc                              0x08000aed   Thumb Code    94  init_alloc.o(.text)
    __Heap_Initialize                        0x08000b4b   Thumb Code    10  h1_init.o(.text)
    __Heap_DescSize                          0x08000b55   Thumb Code     4  h1_init.o(.text)
    __read_errno                             0x08000b59   Thumb Code    10  _rserrno.o(.text)
    __set_errno                              0x08000b63   Thumb Code    12  _rserrno.o(.text)
    _printf_truncate_signed                  0x08000b6f   Thumb Code    18  _printf_truncate.o(.text)
    _printf_truncate_unsigned                0x08000b81   Thumb Code    18  _printf_truncate.o(.text)
    _printf_int_common                       0x08000b93   Thumb Code   178  _printf_intcommon.o(.text)
    _printf_charcount                        0x08000c45   Thumb Code    40  _printf_charcount.o(.text)
    __lib_sel_fp_printf                      0x08000c6d   Thumb Code     2  _printf_fp_dec.o(.text)
    _printf_fp_dec_real                      0x08000e1f   Thumb Code   620  _printf_fp_dec.o(.text)
    _printf_char_common                      0x08001097   Thumb Code    32  _printf_char_common.o(.text)
    _sputc                                   0x080010bd   Thumb Code    10  _sputc.o(.text)
    _snputc                                  0x080010c7   Thumb Code    16  _snputc.o(.text)
    _printf_cs_common                        0x080010d7   Thumb Code    20  _printf_char.o(.text)
    _printf_char                             0x080010eb   Thumb Code    16  _printf_char.o(.text)
    _printf_string                           0x080010fb   Thumb Code     8  _printf_char.o(.text)
    _printf_char_file                        0x08001105   Thumb Code    32  _printf_char_file.o(.text)
    _printf_wctomb                           0x08001129   Thumb Code   182  _printf_wctomb.o(.text)
    _printf_longlong_dec                     0x080011e5   Thumb Code   108  _printf_longlong_dec.o(.text)
    _printf_longlong_oct                     0x08001261   Thumb Code    66  _printf_oct_int_ll.o(.text)
    _printf_int_oct                          0x080012a3   Thumb Code    24  _printf_oct_int_ll.o(.text)
    _printf_ll_oct                           0x080012bb   Thumb Code    12  _printf_oct_int_ll.o(.text)
    strtol                                   0x080012d1   Thumb Code   112  strtol.o(.text)
    __user_libspace                          0x08001341   Thumb Code     8  libspace.o(.text)
    __user_perproc_libspace                  0x08001341   Thumb Code     0  libspace.o(.text)
    __user_perthread_libspace                0x08001341   Thumb Code     0  libspace.o(.text)
    __rt_locale                              0x08001349   Thumb Code     8  rt_locale_intlibspace.o(.text)
    __Heap_ProvideMemory                     0x08001351   Thumb Code    52  h1_extend.o(.text)
    _ll_udiv10                               0x08001385   Thumb Code   138  lludiv10.o(.text)
    _printf_fp_hex_real                      0x08001411   Thumb Code   756  _printf_fp_hex.o(.text)
    _printf_fp_infnan                        0x0800170d   Thumb Code   112  _printf_fp_infnan.o(.text)
    _printf_lcs_common                       0x0800178d   Thumb Code    20  _printf_wchar.o(.text)
    _printf_wchar                            0x080017a1   Thumb Code    16  _printf_wchar.o(.text)
    _printf_wstring                          0x080017b1   Thumb Code     8  _printf_wchar.o(.text)
    _strtoul                                 0x080017b9   Thumb Code   158  _strtoul.o(.text)
    _btod_etento                             0x08001859   Thumb Code   224  bigflt0.o(.text)
    ferror                                   0x0800193d   Thumb Code     8  ferror.o(.text)
    _wcrtomb                                 0x08001945   Thumb Code    64  _wcrtomb.o(.text)
    __rt_SIGRTMEM                            0x08001985   Thumb Code    14  defsig_rtmem_outer.o(.text)
    __I$use$semihosting                      0x08001993   Thumb Code     0  use_no_semi.o(.text)
    __use_no_semihosting_swi                 0x08001993   Thumb Code     2  use_no_semi.o(.text)
    __semihosting_library_function           0x08001995   Thumb Code     0  indicate_semi.o(.text)
    __user_setup_stackheap                   0x08001995   Thumb Code    74  sys_stackheap_outer.o(.text)
    _chval                                   0x080019df   Thumb Code    28  _chval.o(.text)
    exit                                     0x080019fb   Thumb Code    18  exit.o(.text)
    __sig_exit                               0x08001a0d   Thumb Code    10  defsig_exit.o(.text)
    __rt_SIGRTMEM_inner                      0x08001a19   Thumb Code    22  defsig_rtmem_inner.o(.text)
    strcmp                                   0x08001a69   Thumb Code   128  strcmpv7m.o(.text)
    __default_signal_display                 0x08001ae9   Thumb Code    50  defsig_general.o(.text)
    _ttywrch                                 0x08001b1b   Thumb Code    14  sys_wrch.o(.text)
    _btod_d2e                                0x08001b29   Thumb Code    62  btod.o(CL$$btod_d2e)
    _d2e_denorm_low                          0x08001b67   Thumb Code    70  btod.o(CL$$btod_d2e_denorm_low)
    _d2e_norm_op1                            0x08001bad   Thumb Code    96  btod.o(CL$$btod_d2e_norm_op1)
    __btod_div_common                        0x08001c0d   Thumb Code   696  btod.o(CL$$btod_div_common)
    _e2e                                     0x08001f45   Thumb Code   220  btod.o(CL$$btod_e2e)
    _btod_ediv                               0x08002021   Thumb Code    42  btod.o(CL$$btod_ediv)
    _btod_emul                               0x0800204b   Thumb Code    42  btod.o(CL$$btod_emul)
    __btod_mult_common                       0x08002075   Thumb Code   580  btod.o(CL$$btod_mult_common)
    ADC_Cmd                                  0x080022b9   Thumb Code    22  stm32f10x_adc.o(i.ADC_Cmd)
    ADC_DeInit                               0x080022d1   Thumb Code    78  stm32f10x_adc.o(i.ADC_DeInit)
    ADC_GetCalibrationStatus                 0x0800232d   Thumb Code    20  stm32f10x_adc.o(i.ADC_GetCalibrationStatus)
    ADC_GetConversionValue                   0x08002341   Thumb Code     8  stm32f10x_adc.o(i.ADC_GetConversionValue)
    ADC_GetFlagStatus                        0x08002349   Thumb Code    18  stm32f10x_adc.o(i.ADC_GetFlagStatus)
    ADC_GetResetCalibrationStatus            0x0800235b   Thumb Code    20  stm32f10x_adc.o(i.ADC_GetResetCalibrationStatus)
    ADC_Init                                 0x08002371   Thumb Code    70  stm32f10x_adc.o(i.ADC_Init)
    ADC_RegularChannelConfig                 0x080023c1   Thumb Code   184  stm32f10x_adc.o(i.ADC_RegularChannelConfig)
    ADC_ResetCalibration                     0x08002479   Thumb Code    10  stm32f10x_adc.o(i.ADC_ResetCalibration)
    ADC_SoftwareStartConvCmd                 0x08002483   Thumb Code    22  stm32f10x_adc.o(i.ADC_SoftwareStartConvCmd)
    ADC_StartCalibration                     0x08002499   Thumb Code    10  stm32f10x_adc.o(i.ADC_StartCalibration)
    Adc_Init                                 0x080024a5   Thumb Code   132  yl-69.o(i.Adc_Init)
    BH_Read                                  0x0800276d   Thumb Code    60  gy30.o(i.BH_Read)
    BH_Test                                  0x080027a9   Thumb Code    28  gy30.o(i.BH_Test)
    BH_send                                  0x080027dd   Thumb Code    40  gy30.o(i.BH_send)
    BusFault_Handler                         0x08002847   Thumb Code     4  stm32f10x_it.o(i.BusFault_Handler)
    DebugMon_Handler                         0x080028dd   Thumb Code     2  stm32f10x_it.o(i.DebugMon_Handler)
    Dht11_Ack                                0x080028e1   Thumb Code    68  dht11.o(i.Dht11_Ack)
    Dht11_Init                               0x08002929   Thumb Code    76  dht11.o(i.Dht11_Init)
    ESP8266_Clear                            0x0800297d   Thumb Code    18  esp8266.o(i.ESP8266_Clear)
    ESP8266_GetIPD                           0x08002999   Thumb Code    66  esp8266.o(i.ESP8266_GetIPD)
    ESP8266_Init                             0x080029e9   Thumb Code   276  esp8266.o(i.ESP8266_Init)
    ESP8266_SendCmd                          0x08002c15   Thumb Code    76  esp8266.o(i.ESP8266_SendCmd)
    ESP8266_SendData                         0x08002c69   Thumb Code    46  esp8266.o(i.ESP8266_SendData)
    ESP8266_WaitRecive                       0x08002cb1   Thumb Code    42  esp8266.o(i.ESP8266_WaitRecive)
    GPIO_Init                                0x08002ce5   Thumb Code   278  stm32f10x_gpio.o(i.GPIO_Init)
    GPIO_ReadInputDataBit                    0x08002dfb   Thumb Code    18  stm32f10x_gpio.o(i.GPIO_ReadInputDataBit)
    GPIO_ResetBits                           0x08002e0d   Thumb Code     4  stm32f10x_gpio.o(i.GPIO_ResetBits)
    GPIO_SetBits                             0x08002e11   Thumb Code     4  stm32f10x_gpio.o(i.GPIO_SetBits)
    GPIO_WriteBit                            0x08002e15   Thumb Code    10  stm32f10x_gpio.o(i.GPIO_WriteBit)
    Get_Adc                                  0x08002e21   Thumb Code    46  yl-69.o(i.Get_Adc)
    Get_Adc_Average                          0x08002e55   Thumb Code    88  yl-69.o(i.Get_Adc_Average)
    HardFault_Handler                        0x08002eb9   Thumb Code     4  stm32f10x_it.o(i.HardFault_Handler)
    Init_BH1750                              0x08002f09   Thumb Code    28  gy30.o(i.Init_BH1750)
    KEY_Init                                 0x08002f45   Thumb Code    52  key.o(i.KEY_Init)
    LED_Init                                 0x08002f81   Thumb Code    72  led.o(i.LED_Init)
    MQTT_DeleteBuffer                        0x08003029   Thumb Code    28  mqttkit.o(i.MQTT_DeleteBuffer)
    MQTT_DumpLength                          0x08003045   Thumb Code    46  mqttkit.o(i.MQTT_DumpLength)
    MQTT_NewBuffer                           0x08003073   Thumb Code    88  mqttkit.o(i.MQTT_NewBuffer)
    MQTT_PacketConnect                       0x080030cd   Thumb Code   666  mqttkit.o(i.MQTT_PacketConnect)
    MQTT_PacketPublish                       0x0800336d   Thumb Code   440  mqttkit.o(i.MQTT_PacketPublish)
    MQTT_PacketPublishComp                   0x08003525   Thumb Code    72  mqttkit.o(i.MQTT_PacketPublishComp)
    MQTT_PacketPublishRel                    0x0800356d   Thumb Code    72  mqttkit.o(i.MQTT_PacketPublishRel)
    MQTT_PacketSubscribe                     0x080035b5   Thumb Code   254  mqttkit.o(i.MQTT_PacketSubscribe)
    MQTT_ReadLength                          0x080036b3   Thumb Code    70  mqttkit.o(i.MQTT_ReadLength)
    MQTT_UnPacketCmd                         0x080036f9   Thumb Code   140  mqttkit.o(i.MQTT_UnPacketCmd)
    MQTT_UnPacketConnectAck                  0x08003785   Thumb Code    30  mqttkit.o(i.MQTT_UnPacketConnectAck)
    MQTT_UnPacketPublish                     0x080037a5   Thumb Code   438  mqttkit.o(i.MQTT_UnPacketPublish)
    MQTT_UnPacketPublishAck                  0x08003965   Thumb Code    30  mqttkit.o(i.MQTT_UnPacketPublishAck)
    MQTT_UnPacketPublishComp                 0x08003983   Thumb Code    30  mqttkit.o(i.MQTT_UnPacketPublishComp)
    MQTT_UnPacketPublishRec                  0x080039a1   Thumb Code    30  mqttkit.o(i.MQTT_UnPacketPublishRec)
    MQTT_UnPacketPublishRel                  0x080039bf   Thumb Code    36  mqttkit.o(i.MQTT_UnPacketPublishRel)
    MQTT_UnPacketRecv                        0x080039e5   Thumb Code   106  mqttkit.o(i.MQTT_UnPacketRecv)
    MQTT_UnPacketSubscribe                   0x08003a59   Thumb Code    52  mqttkit.o(i.MQTT_UnPacketSubscribe)
    MQTT_UnPacketUnSubscribe                 0x08003a8d   Thumb Code    18  mqttkit.o(i.MQTT_UnPacketUnSubscribe)
    Mcu_Control_Dht11                        0x08003a9f   Thumb Code    78  dht11.o(i.Mcu_Control_Dht11)
    Mcu_Send_Start_Sign                      0x08003aed   Thumb Code    38  dht11.o(i.Mcu_Send_Start_Sign)
    MemManage_Handler                        0x08003b19   Thumb Code     4  stm32f10x_it.o(i.MemManage_Handler)
    NMI_Handler                              0x08003b1d   Thumb Code     2  stm32f10x_it.o(i.NMI_Handler)
    NVIC_Init                                0x08003b21   Thumb Code   100  misc.o(i.NVIC_Init)
    NVIC_PriorityGroupConfig                 0x08003b91   Thumb Code    10  misc.o(i.NVIC_PriorityGroupConfig)
    OneNet_DevLink                           0x08003ba5   Thumb Code   196  onenet.o(i.OneNet_DevLink)
    OneNet_Publish                           0x08003d89   Thumb Code    74  onenet.o(i.OneNet_Publish)
    OneNet_RevPro                            0x08003dd5   Thumb Code   534  onenet.o(i.OneNet_RevPro)
    OneNet_Subscribe                         0x0800412d   Thumb Code    80  onenet.o(i.OneNet_Subscribe)
    RCC_ADCCLKConfig                         0x080041f9   Thumb Code    18  stm32f10x_rcc.o(i.RCC_ADCCLKConfig)
    RCC_APB1PeriphClockCmd                   0x08004211   Thumb Code    26  stm32f10x_rcc.o(i.RCC_APB1PeriphClockCmd)
    RCC_APB2PeriphClockCmd                   0x08004231   Thumb Code    26  stm32f10x_rcc.o(i.RCC_APB2PeriphClockCmd)
    RCC_APB2PeriphResetCmd                   0x08004251   Thumb Code    26  stm32f10x_rcc.o(i.RCC_APB2PeriphResetCmd)
    RCC_GetClocksFreq                        0x08004271   Thumb Code   192  stm32f10x_rcc.o(i.RCC_GetClocksFreq)
    Read_Dht11_Data                          0x08004345   Thumb Code    90  dht11.o(i.Read_Dht11_Data)
    SDA_IN                                   0x080043a5   Thumb Code    28  sgp30.o(i.SDA_IN)
    SDA_OUT                                  0x080043c5   Thumb Code    30  sgp30.o(i.SDA_OUT)
    SGP30_GPIO_Init                          0x080043e9   Thumb Code    52  sgp30.o(i.SGP30_GPIO_Init)
    SGP30_IIC_Ack                            0x08004421   Thumb Code    52  sgp30.o(i.SGP30_IIC_Ack)
    SGP30_IIC_NAck                           0x08004459   Thumb Code    52  sgp30.o(i.SGP30_IIC_NAck)
    SGP30_IIC_Read_Byte                      0x08004491   Thumb Code    88  sgp30.o(i.SGP30_IIC_Read_Byte)
    SGP30_IIC_Send_Byte                      0x080044ed   Thumb Code    96  sgp30.o(i.SGP30_IIC_Send_Byte)
    SGP30_IIC_Start                          0x08004551   Thumb Code    52  sgp30.o(i.SGP30_IIC_Start)
    SGP30_IIC_Stop                           0x08004589   Thumb Code    52  sgp30.o(i.SGP30_IIC_Stop)
    SGP30_IIC_Wait_Ack                       0x080045c1   Thumb Code    78  sgp30.o(i.SGP30_IIC_Wait_Ack)
    SGP30_Init                               0x08004615   Thumb Code    16  sgp30.o(i.SGP30_Init)
    SGP30_Read                               0x08004625   Thumb Code    72  sgp30.o(i.SGP30_Read)
    SGP30_Write                              0x0800466d   Thumb Code    52  sgp30.o(i.SGP30_Write)
    SysTick_CLKSourceConfig                  0x08004789   Thumb Code    40  misc.o(i.SysTick_CLKSourceConfig)
    SysTick_Handler                          0x080047b1   Thumb Code    16  stm32f10x_it.o(i.SysTick_Handler)
    SysTick_Init                             0x080047c1   Thumb Code    76  delay.o(i.SysTick_Init)
    SystemInit                               0x0800481d   Thumb Code    78  system_stm32f10x.o(i.SystemInit)
    USART1_IRQHandler                        0x0800487d   Thumb Code   122  usart.o(i.USART1_IRQHandler)
    USART2_IRQHandler                        0x08004905   Thumb Code    62  esp8266.o(i.USART2_IRQHandler)
    USART_ClearFlag                          0x08004951   Thumb Code    18  stm32f10x_usart.o(i.USART_ClearFlag)
    USART_Cmd                                0x08004963   Thumb Code    24  stm32f10x_usart.o(i.USART_Cmd)
    USART_GetFlagStatus                      0x0800497b   Thumb Code    26  stm32f10x_usart.o(i.USART_GetFlagStatus)
    USART_GetITStatus                        0x08004995   Thumb Code    84  stm32f10x_usart.o(i.USART_GetITStatus)
    USART_ITConfig                           0x080049e9   Thumb Code    74  stm32f10x_usart.o(i.USART_ITConfig)
    USART_Init                               0x08004a35   Thumb Code   210  stm32f10x_usart.o(i.USART_Init)
    USART_ReceiveData                        0x08004b0d   Thumb Code    10  stm32f10x_usart.o(i.USART_ReceiveData)
    USART_SendData                           0x08004b17   Thumb Code     8  stm32f10x_usart.o(i.USART_SendData)
    UsageFault_Handler                       0x08004b1f   Thumb Code     4  stm32f10x_it.o(i.UsageFault_Handler)
    Usart2_Init                              0x08004b25   Thumb Code   162  usart.o(i.Usart2_Init)
    UsartPrintf                              0x08004bd1   Thumb Code    72  usart.o(i.UsartPrintf)
    Usart_SendString                         0x08004c19   Thumb Code    50  usart.o(i.Usart_SendString)
    YL69DO                                   0x08004c4d   Thumb Code    50  led.o(i.YL69DO)
    __ARM_fpclassify                         0x08004c85   Thumb Code    40  fpclassify.o(i.__ARM_fpclassify)
    __kernel_poly                            0x08004cad   Thumb Code   170  poly.o(i.__kernel_poly)
    __mathlib_dbl_divzero                    0x08004d59   Thumb Code    12  dunder.o(i.__mathlib_dbl_divzero)
    __mathlib_dbl_infnan2                    0x08004d69   Thumb Code     4  dunder.o(i.__mathlib_dbl_infnan2)
    __mathlib_dbl_invalid                    0x08004d6d   Thumb Code    12  dunder.o(i.__mathlib_dbl_invalid)
    __mathlib_dbl_overflow                   0x08004d79   Thumb Code    14  dunder.o(i.__mathlib_dbl_overflow)
    __mathlib_dbl_underflow                  0x08004d89   Thumb Code    10  dunder.o(i.__mathlib_dbl_underflow)
    _is_digit                                0x08004d99   Thumb Code    14  __printf_wp.o(i._is_digit)
    _sys_exit                                0x08004da7   Thumb Code     4  usart.o(i._sys_exit)
    cJSON_Delete                             0x08004de1   Thumb Code    82  cjson.o(i.cJSON_Delete)
    cJSON_GetErrorPtr                        0x08004e39   Thumb Code     6  cjson.o(i.cJSON_GetErrorPtr)
    cJSON_GetObjectItem                      0x08004e45   Thumb Code    30  cjson.o(i.cJSON_GetObjectItem)
    cJSON_Parse                              0x08004e85   Thumb Code    16  cjson.o(i.cJSON_Parse)
    cJSON_ParseWithOpts                      0x08004e95   Thumb Code    96  cjson.o(i.cJSON_ParseWithOpts)
    delay_ms                                 0x08004f45   Thumb Code    60  delay.o(i.delay_ms)
    delay_us                                 0x08004f85   Thumb Code    68  delay.o(i.delay_us)
    fputc                                    0x08004fcd   Thumb Code    24  usart.o(i.fputc)
    i2c_Ack                                  0x08004fe9   Thumb Code    56  gy30.o(i.i2c_Ack)
    i2c_CheckDevice                          0x08005025   Thumb Code    32  gy30.o(i.i2c_CheckDevice)
    i2c_NAck                                 0x08005055   Thumb Code    46  gy30.o(i.i2c_NAck)
    i2c_ReadByte                             0x08005089   Thumb Code    68  gy30.o(i.i2c_ReadByte)
    i2c_SendByte                             0x080050d1   Thumb Code    96  gy30.o(i.i2c_SendByte)
    i2c_Start                                0x08005135   Thumb Code    56  gy30.o(i.i2c_Start)
    i2c_Stop                                 0x08005171   Thumb Code    38  gy30.o(i.i2c_Stop)
    i2c_WaitAck                              0x0800519d   Thumb Code    66  gy30.o(i.i2c_WaitAck)
    main                                     0x080051e5   Thumb Code    56  main.o(i.main)
    pow                                      0x0800594d   Thumb Code  2512  pow.o(i.pow)
    pvPortMalloc                             0x080067d5   Thumb Code   262  heap_4.o(i.pvPortMalloc)
    pxPortInitialiseStack                    0x0800692d   Thumb Code    30  port.o(i.pxPortInitialiseStack)
    relay_init                               0x08006951   Thumb Code    58  relays.o(i.relay_init)
    relay_off                                0x08006991   Thumb Code    12  relays.o(i.relay_off)
    relay_on                                 0x080069a1   Thumb Code    12  relays.o(i.relay_on)
    soil_off                                 0x080069e1   Thumb Code    14  relays.o(i.soil_off)
    soil_on                                  0x080069f5   Thumb Code    14  relays.o(i.soil_on)
    sqrt                                     0x08006a09   Thumb Code    76  sqrt.o(i.sqrt)
    uart_init                                0x08006a55   Thumb Code   152  usart.o(i.uart_init)
    uxListRemove                             0x08006af5   Thumb Code    40  list.o(i.uxListRemove)
    vListInitialise                          0x08006b1d   Thumb Code    26  list.o(i.vListInitialise)
    vListInitialiseItem                      0x08006b37   Thumb Code     6  list.o(i.vListInitialiseItem)
    vListInsert                              0x08006b3d   Thumb Code    52  list.o(i.vListInsert)
    vListInsertEnd                           0x08006b71   Thumb Code    24  list.o(i.vListInsertEnd)
    vPortEnterCritical                       0x08006b89   Thumb Code    68  port.o(i.vPortEnterCritical)
    vPortExitCritical                        0x08006c15   Thumb Code    48  port.o(i.vPortExitCritical)
    vPortFree                                0x08006c89   Thumb Code   120  heap_4.o(i.vPortFree)
    vPortSetupTimerInterrupt                 0x08006d45   Thumb Code    26  port.o(i.vPortSetupTimerInterrupt)
    vTaskDelay                               0x08006d65   Thumb Code    72  tasks.o(i.vTaskDelay)
    vTaskDelete                              0x08006de9   Thumb Code   192  tasks.o(i.vTaskDelete)
    vTaskStartScheduler                      0x08006f05   Thumb Code    98  tasks.o(i.vTaskStartScheduler)
    vTaskSuspendAll                          0x08006fb9   Thumb Code    12  tasks.o(i.vTaskSuspendAll)
    vTaskSwitchContext                       0x08006fc9   Thumb Code   110  tasks.o(i.vTaskSwitchContext)
    xPortStartScheduler                      0x080071ad   Thumb Code   140  port.o(i.xPortStartScheduler)
    xPortSysTickHandler                      0x0800724d   Thumb Code    46  port.o(i.xPortSysTickHandler)
    xTaskCreate                              0x08007281   Thumb Code    96  tasks.o(i.xTaskCreate)
    xTaskGetSchedulerState                   0x080072e1   Thumb Code    24  tasks.o(i.xTaskGetSchedulerState)
    xTaskIncrementTick                       0x08007301   Thumb Code   272  tasks.o(i.xTaskIncrementTick)
    xTaskResumeAll                           0x08007471   Thumb Code   214  tasks.o(i.xTaskResumeAll)
    _get_lc_ctype                            0x080075a1   Thumb Code    44  lc_ctype_c.o(locale$$code)
    _get_lc_numeric                          0x080075cd   Thumb Code    44  lc_numeric_c.o(locale$$code)
    __aeabi_d2f                              0x080075f9   Thumb Code     0  d2f.o(x$fpl$d2f)
    _d2f                                     0x080075f9   Thumb Code    98  d2f.o(x$fpl$d2f)
    __aeabi_dadd                             0x0800765d   Thumb Code     0  daddsub_clz.o(x$fpl$dadd)
    _dadd                                    0x0800765d   Thumb Code   332  daddsub_clz.o(x$fpl$dadd)
    __fpl_dcheck_NaN1                        0x080077ad   Thumb Code    10  dcheck1.o(x$fpl$dcheck1)
    __fpl_dcmp_Inf                           0x080077bd   Thumb Code    24  dcmpi.o(x$fpl$dcmpinf)
    __aeabi_ddiv                             0x080077d5   Thumb Code     0  ddiv.o(x$fpl$ddiv)
    _ddiv                                    0x080077d5   Thumb Code   552  ddiv.o(x$fpl$ddiv)
    __aeabi_d2iz                             0x08007a85   Thumb Code     0  dfix.o(x$fpl$dfix)
    _dfix                                    0x08007a85   Thumb Code    94  dfix.o(x$fpl$dfix)
    __aeabi_i2d                              0x08007ae3   Thumb Code     0  dflt_clz.o(x$fpl$dflt)
    _dflt                                    0x08007ae3   Thumb Code    46  dflt_clz.o(x$fpl$dflt)
    __aeabi_ui2d                             0x08007b11   Thumb Code     0  dflt_clz.o(x$fpl$dfltu)
    _dfltu                                   0x08007b11   Thumb Code    38  dflt_clz.o(x$fpl$dfltu)
    __aeabi_cdcmple                          0x08007b39   Thumb Code     0  dleqf.o(x$fpl$dleqf)
    _dcmple                                  0x08007b39   Thumb Code   120  dleqf.o(x$fpl$dleqf)
    __fpl_dcmple_InfNaN                      0x08007b9b   Thumb Code     0  dleqf.o(x$fpl$dleqf)
    __aeabi_dmul                             0x08007bb1   Thumb Code     0  dmul.o(x$fpl$dmul)
    _dmul                                    0x08007bb1   Thumb Code   332  dmul.o(x$fpl$dmul)
    __fpl_dnaninf                            0x08007d05   Thumb Code   156  dnaninf.o(x$fpl$dnaninf)
    __fpl_dretinf                            0x08007da1   Thumb Code    12  dretinf.o(x$fpl$dretinf)
    __aeabi_cdrcmple                         0x08007dad   Thumb Code     0  drleqf.o(x$fpl$drleqf)
    _drcmple                                 0x08007dad   Thumb Code   108  drleqf.o(x$fpl$drleqf)
    __aeabi_drsub                            0x08007e19   Thumb Code     0  daddsub_clz.o(x$fpl$drsb)
    _drsb                                    0x08007e19   Thumb Code    22  daddsub_clz.o(x$fpl$drsb)
    _dsqrt                                   0x08007e31   Thumb Code   456  dsqrt_noumaal.o(x$fpl$dsqrt)
    __aeabi_dsub                             0x08007ffd   Thumb Code     0  daddsub_clz.o(x$fpl$dsub)
    _dsub                                    0x08007ffd   Thumb Code   464  daddsub_clz.o(x$fpl$dsub)
    __aeabi_f2d                              0x080081d1   Thumb Code     0  f2d.o(x$fpl$f2d)
    _f2d                                     0x080081d1   Thumb Code    86  f2d.o(x$fpl$f2d)
    __aeabi_fadd                             0x08008229   Thumb Code     0  faddsub_clz.o(x$fpl$fadd)
    _fadd                                    0x08008229   Thumb Code   196  faddsub_clz.o(x$fpl$fadd)
    __aeabi_fdiv                             0x080082ed   Thumb Code     0  fdiv.o(x$fpl$fdiv)
    _fdiv                                    0x080082ed   Thumb Code   384  fdiv.o(x$fpl$fdiv)
    __aeabi_f2iz                             0x08008471   Thumb Code     0  ffix.o(x$fpl$ffix)
    _ffix                                    0x08008471   Thumb Code    54  ffix.o(x$fpl$ffix)
    __aeabi_ui2f                             0x080084a9   Thumb Code     0  fflt_clz.o(x$fpl$ffltu)
    _ffltu                                   0x080084a9   Thumb Code    38  fflt_clz.o(x$fpl$ffltu)
    __aeabi_fmul                             0x080084d1   Thumb Code     0  fmul.o(x$fpl$fmul)
    _fmul                                    0x080084d1   Thumb Code   258  fmul.o(x$fpl$fmul)
    __fpl_fnaninf                            0x080085d3   Thumb Code   140  fnaninf.o(x$fpl$fnaninf)
    __fpl_fretinf                            0x0800865f   Thumb Code    10  fretinf.o(x$fpl$fretinf)
    __aeabi_fsub                             0x08008669   Thumb Code     0  faddsub_clz.o(x$fpl$fsub)
    _fsub                                    0x08008669   Thumb Code   234  faddsub_clz.o(x$fpl$fsub)
    _printf_fp_dec                           0x08008753   Thumb Code     4  printf1.o(x$fpl$printf1)
    _printf_fp_hex                           0x08008757   Thumb Code     4  printf2.o(x$fpl$printf2)
    __fpl_return_NaN                         0x0800875b   Thumb Code   100  retnan.o(x$fpl$retnan)
    __ARM_scalbn                             0x080087bf   Thumb Code    92  scalbn.o(x$fpl$scalbn)
    __fpl_cmpreturn                          0x0800881b   Thumb Code    48  trapv.o(x$fpl$trapveneer)
    __I$use$fp                               0x0800884a   Number         0  usenofp.o(x$fpl$usenofp)
    __mathlib_zero                           0x08008928   Data           8  qnan.o(.constdata)
    Region$$Table$$Base                      0x080089fc   Number         0  anon$$obj.o(Region$$Table)
    Region$$Table$$Limit                     0x08008a1c   Number         0  anon$$obj.o(Region$$Table)
    __ctype                                  0x08008a29   Data           0  lc_ctype_c.o(locale$$data)
    SystemCoreClock                          0x20000014   Data           4  system_stm32f10x.o(.data)
    AHBPrescTable                            0x20000018   Data          16  system_stm32f10x.o(.data)
    p                                        0x20000028   Data           5  main.o(.data)
    temp                                     0x20000030   Data           4  main.o(.data)
    light                                    0x20000034   Data           4  main.o(.data)
    shidu                                    0x20000038   Data           4  main.o(.data)
    sgp30_dat                                0x2000003c   Data           4  main.o(.data)
    CO2Data                                  0x20000040   Data           4  main.o(.data)
    b                                        0x20000044   Data           4  main.o(.data)
    light1                                   0x20000048   Data           4  main.o(.data)
    pxCurrentTCB                             0x2000006c   Data           4  tasks.o(.data)
    __stdout                                 0x200000d0   Data           4  usart.o(.data)
    USART_RX_STA                             0x200000d4   Data           2  usart.o(.data)
    esp8266_cnt                              0x200000e4   Data           2  esp8266.o(.data)
    esp8266_cntPre                           0x200000e6   Data           2  esp8266.o(.data)
    text                                     0x200000ec   Data         256  main.o(.bss)
    USART_RX_BUF                             0x200094d0   Data         200  usart.o(.bss)
    esp8266_buf                              0x20009598   Data         128  esp8266.o(.bss)
    __libspace_start                         0x20009618   Data          96  libspace.o(.bss)
    __temporary_stack_top$libspace           0x20009678   Data           0  libspace.o(.bss)



==============================================================================

Memory Map of the image

  Image Entry point : 0x08000131

  Load Region LR_IROM1 (Base: 0x08000000, Size: 0x00008c34, Max: 0x00080000, ABSOLUTE)

    Execution Region ER_IROM1 (Exec base: 0x08000000, Load base: 0x08000000, Size: 0x00008b48, Max: 0x00080000, ABSOLUTE)

    Exec Addr    Load Addr    Size         Type   Attr      Idx    E Section Name        Object

    0x08000000   0x08000000   0x00000130   Data   RO         3161    RESET               startup_stm32f10x_hd.o
    0x08000130   0x08000130   0x00000008   Code   RO         5271  * !!!main             c_w.l(__main.o)
    0x08000138   0x08000138   0x00000034   Code   RO         5713    !!!scatter          c_w.l(__scatter.o)
    0x0800016c   0x0800016c   0x0000001a   Code   RO         5715    !!handler_copy      c_w.l(__scatter_copy.o)
    0x08000186   0x08000186   0x00000002   PAD
    0x08000188   0x08000188   0x0000001c   Code   RO         5717    !!handler_zi        c_w.l(__scatter_zi.o)
    0x080001a4   0x080001a4   0x00000000   Code   RO         5246    .ARM.Collect$$_printf_percent$$00000000  c_w.l(_printf_percent.o)
    0x080001a4   0x080001a4   0x00000006   Code   RO         5410    .ARM.Collect$$_printf_percent$$00000001  c_w.l(_printf_n.o)
    0x080001aa   0x080001aa   0x00000006   Code   RO         5411    .ARM.Collect$$_printf_percent$$00000002  c_w.l(_printf_p.o)
    0x080001b0   0x080001b0   0x00000006   Code   RO         5244    .ARM.Collect$$_printf_percent$$00000003  c_w.l(_printf_f.o)
    0x080001b6   0x080001b6   0x00000006   Code   RO         5245    .ARM.Collect$$_printf_percent$$00000004  c_w.l(_printf_e.o)
    0x080001bc   0x080001bc   0x00000006   Code   RO         5415    .ARM.Collect$$_printf_percent$$00000005  c_w.l(_printf_g.o)
    0x080001c2   0x080001c2   0x00000006   Code   RO         5416    .ARM.Collect$$_printf_percent$$00000006  c_w.l(_printf_a.o)
    0x080001c8   0x080001c8   0x0000000a   Code   RO         5421    .ARM.Collect$$_printf_percent$$00000007  c_w.l(_printf_ll.o)
    0x080001d2   0x080001d2   0x00000006   Code   RO         5413    .ARM.Collect$$_printf_percent$$00000008  c_w.l(_printf_i.o)
    0x080001d8   0x080001d8   0x00000006   Code   RO         5243    .ARM.Collect$$_printf_percent$$00000009  c_w.l(_printf_d.o)
    0x080001de   0x080001de   0x00000006   Code   RO         5414    .ARM.Collect$$_printf_percent$$0000000A  c_w.l(_printf_u.o)
    0x080001e4   0x080001e4   0x00000006   Code   RO         5412    .ARM.Collect$$_printf_percent$$0000000B  c_w.l(_printf_o.o)
    0x080001ea   0x080001ea   0x00000006   Code   RO         5242    .ARM.Collect$$_printf_percent$$0000000C  c_w.l(_printf_x.o)
    0x080001f0   0x080001f0   0x00000006   Code   RO         5418    .ARM.Collect$$_printf_percent$$0000000D  c_w.l(_printf_lli.o)
    0x080001f6   0x080001f6   0x00000006   Code   RO         5419    .ARM.Collect$$_printf_percent$$0000000E  c_w.l(_printf_lld.o)
    0x080001fc   0x080001fc   0x00000006   Code   RO         5420    .ARM.Collect$$_printf_percent$$0000000F  c_w.l(_printf_llu.o)
    0x08000202   0x08000202   0x00000006   Code   RO         5425    .ARM.Collect$$_printf_percent$$00000010  c_w.l(_printf_llo.o)
    0x08000208   0x08000208   0x00000006   Code   RO         5426    .ARM.Collect$$_printf_percent$$00000011  c_w.l(_printf_llx.o)
    0x0800020e   0x0800020e   0x0000000a   Code   RO         5422    .ARM.Collect$$_printf_percent$$00000012  c_w.l(_printf_l.o)
    0x08000218   0x08000218   0x00000006   Code   RO         5409    .ARM.Collect$$_printf_percent$$00000013  c_w.l(_printf_c.o)
    0x0800021e   0x0800021e   0x00000006   Code   RO         5241    .ARM.Collect$$_printf_percent$$00000014  c_w.l(_printf_s.o)
    0x08000224   0x08000224   0x00000006   Code   RO         5423    .ARM.Collect$$_printf_percent$$00000015  c_w.l(_printf_lc.o)
    0x0800022a   0x0800022a   0x00000006   Code   RO         5424    .ARM.Collect$$_printf_percent$$00000016  c_w.l(_printf_ls.o)
    0x08000230   0x08000230   0x00000004   Code   RO         5417    .ARM.Collect$$_printf_percent$$00000017  c_w.l(_printf_percent_end.o)
    0x08000234   0x08000234   0x00000002   Code   RO         5650    .ARM.Collect$$libinit$$00000000  c_w.l(libinit.o)
    0x08000236   0x08000236   0x00000000   Code   RO         5432    .ARM.Collect$$libinit$$00000002  c_w.l(libinit2.o)
    0x08000236   0x08000236   0x00000000   Code   RO         5434    .ARM.Collect$$libinit$$00000004  c_w.l(libinit2.o)
    0x08000236   0x08000236   0x00000008   Code   RO         5435    .ARM.Collect$$libinit$$00000005  c_w.l(libinit2.o)
    0x0800023e   0x0800023e   0x00000000   Code   RO         5437    .ARM.Collect$$libinit$$0000000A  c_w.l(libinit2.o)
    0x0800023e   0x0800023e   0x00000000   Code   RO         5439    .ARM.Collect$$libinit$$0000000C  c_w.l(libinit2.o)
    0x0800023e   0x0800023e   0x00000000   Code   RO         5441    .ARM.Collect$$libinit$$0000000E  c_w.l(libinit2.o)
    0x0800023e   0x0800023e   0x00000006   Code   RO         5442    .ARM.Collect$$libinit$$0000000F  c_w.l(libinit2.o)
    0x08000244   0x08000244   0x00000000   Code   RO         5444    .ARM.Collect$$libinit$$00000011  c_w.l(libinit2.o)
    0x08000244   0x08000244   0x0000000c   Code   RO         5445    .ARM.Collect$$libinit$$00000012  c_w.l(libinit2.o)
    0x08000250   0x08000250   0x00000000   Code   RO         5446    .ARM.Collect$$libinit$$00000013  c_w.l(libinit2.o)
    0x08000250   0x08000250   0x00000000   Code   RO         5448    .ARM.Collect$$libinit$$00000015  c_w.l(libinit2.o)
    0x08000250   0x08000250   0x0000000a   Code   RO         5449    .ARM.Collect$$libinit$$00000016  c_w.l(libinit2.o)
    0x0800025a   0x0800025a   0x00000000   Code   RO         5450    .ARM.Collect$$libinit$$00000017  c_w.l(libinit2.o)
    0x0800025a   0x0800025a   0x00000000   Code   RO         5452    .ARM.Collect$$libinit$$00000019  c_w.l(libinit2.o)
    0x0800025a   0x0800025a   0x00000000   Code   RO         5454    .ARM.Collect$$libinit$$0000001B  c_w.l(libinit2.o)
    0x0800025a   0x0800025a   0x00000000   Code   RO         5456    .ARM.Collect$$libinit$$0000001D  c_w.l(libinit2.o)
    0x0800025a   0x0800025a   0x00000000   Code   RO         5458    .ARM.Collect$$libinit$$0000001F  c_w.l(libinit2.o)
    0x0800025a   0x0800025a   0x00000000   Code   RO         5460    .ARM.Collect$$libinit$$00000021  c_w.l(libinit2.o)
    0x0800025a   0x0800025a   0x00000000   Code   RO         5462    .ARM.Collect$$libinit$$00000023  c_w.l(libinit2.o)
    0x0800025a   0x0800025a   0x00000000   Code   RO         5464    .ARM.Collect$$libinit$$00000025  c_w.l(libinit2.o)
    0x0800025a   0x0800025a   0x00000000   Code   RO         5468    .ARM.Collect$$libinit$$0000002C  c_w.l(libinit2.o)
    0x0800025a   0x0800025a   0x00000000   Code   RO         5470    .ARM.Collect$$libinit$$0000002E  c_w.l(libinit2.o)
    0x0800025a   0x0800025a   0x00000000   Code   RO         5472    .ARM.Collect$$libinit$$00000030  c_w.l(libinit2.o)
    0x0800025a   0x0800025a   0x00000000   Code   RO         5474    .ARM.Collect$$libinit$$00000032  c_w.l(libinit2.o)
    0x0800025a   0x0800025a   0x00000002   Code   RO         5475    .ARM.Collect$$libinit$$00000033  c_w.l(libinit2.o)
    0x0800025c   0x0800025c   0x00000002   Code   RO         5710    .ARM.Collect$$libshutdown$$00000000  c_w.l(libshutdown.o)
    0x0800025e   0x0800025e   0x00000000   Code   RO         5664    .ARM.Collect$$libshutdown$$00000002  c_w.l(libshutdown2.o)
    0x0800025e   0x0800025e   0x00000000   Code   RO         5666    .ARM.Collect$$libshutdown$$00000004  c_w.l(libshutdown2.o)
    0x0800025e   0x0800025e   0x00000000   Code   RO         5669    .ARM.Collect$$libshutdown$$00000007  c_w.l(libshutdown2.o)
    0x0800025e   0x0800025e   0x00000000   Code   RO         5672    .ARM.Collect$$libshutdown$$0000000A  c_w.l(libshutdown2.o)
    0x0800025e   0x0800025e   0x00000000   Code   RO         5674    .ARM.Collect$$libshutdown$$0000000C  c_w.l(libshutdown2.o)
    0x0800025e   0x0800025e   0x00000000   Code   RO         5677    .ARM.Collect$$libshutdown$$0000000F  c_w.l(libshutdown2.o)
    0x0800025e   0x0800025e   0x00000002   Code   RO         5678    .ARM.Collect$$libshutdown$$00000010  c_w.l(libshutdown2.o)
    0x08000260   0x08000260   0x00000000   Code   RO         5345    .ARM.Collect$$rtentry$$00000000  c_w.l(__rtentry.o)
    0x08000260   0x08000260   0x00000000   Code   RO         5528    .ARM.Collect$$rtentry$$00000002  c_w.l(__rtentry2.o)
    0x08000260   0x08000260   0x00000006   Code   RO         5540    .ARM.Collect$$rtentry$$00000004  c_w.l(__rtentry4.o)
    0x08000266   0x08000266   0x00000000   Code   RO         5530    .ARM.Collect$$rtentry$$00000009  c_w.l(__rtentry2.o)
    0x08000266   0x08000266   0x00000004   Code   RO         5531    .ARM.Collect$$rtentry$$0000000A  c_w.l(__rtentry2.o)
    0x0800026a   0x0800026a   0x00000000   Code   RO         5533    .ARM.Collect$$rtentry$$0000000C  c_w.l(__rtentry2.o)
    0x0800026a   0x0800026a   0x00000008   Code   RO         5534    .ARM.Collect$$rtentry$$0000000D  c_w.l(__rtentry2.o)
    0x08000272   0x08000272   0x00000002   Code   RO         5653    .ARM.Collect$$rtexit$$00000000  c_w.l(rtexit.o)
    0x08000274   0x08000274   0x00000000   Code   RO         5684    .ARM.Collect$$rtexit$$00000002  c_w.l(rtexit2.o)
    0x08000274   0x08000274   0x00000004   Code   RO         5685    .ARM.Collect$$rtexit$$00000003  c_w.l(rtexit2.o)
    0x08000278   0x08000278   0x00000006   Code   RO         5686    .ARM.Collect$$rtexit$$00000004  c_w.l(rtexit2.o)
    0x0800027e   0x0800027e   0x00000002   PAD
    0x08000280   0x08000280   0x00000096   Code   RO         3883    .emb_text           port.o
    0x08000316   0x08000316   0x00000002   PAD
    0x08000318   0x08000318   0x00000000   Code   RO         5549    .emb_text           c_w.l(maybetermalloc1.o)
    0x08000318   0x08000318   0x00000040   Code   RO         3162    .text               startup_stm32f10x_hd.o
    0x08000358   0x08000358   0x0000005e   Code   RO         5122    .text               c_w.l(h1_alloc.o)
    0x080003b6   0x080003b6   0x0000004e   Code   RO         5124    .text               c_w.l(h1_free.o)
    0x08000404   0x08000404   0x0000001a   Code   RO         5180    .text               c_w.l(tolower.o)
    0x0800041e   0x0800041e   0x00000002   PAD
    0x08000420   0x08000420   0x00000034   Code   RO         5182    .text               c_w.l(vsnprintf.o)
    0x08000454   0x08000454   0x00000018   Code   RO         5184    .text               c_w.l(__2printf.o)
    0x0800046c   0x0800046c   0x0000002c   Code   RO         5186    .text               c_w.l(__2sprintf.o)
    0x08000498   0x08000498   0x0000004e   Code   RO         5194    .text               c_w.l(_printf_pad.o)
    0x080004e6   0x080004e6   0x00000052   Code   RO         5196    .text               c_w.l(_printf_str.o)
    0x08000538   0x08000538   0x00000078   Code   RO         5198    .text               c_w.l(_printf_dec.o)
    0x080005b0   0x080005b0   0x00000094   Code   RO         5218    .text               c_w.l(_printf_hex_int_ll_ptr.o)
    0x08000644   0x08000644   0x00000188   Code   RO         5238    .text               c_w.l(__printf_flags_ss_wp.o)
    0x080007cc   0x080007cc   0x0000001a   Code   RO         5247    .text               c_w.l(atoi.o)
    0x080007e6   0x080007e6   0x00000014   Code   RO         5249    .text               c_w.l(strchr.o)
    0x080007fa   0x080007fa   0x00000024   Code   RO         5251    .text               c_w.l(strncat.o)
    0x0800081e   0x0800081e   0x00000024   Code   RO         5253    .text               c_w.l(strstr.o)
    0x08000842   0x08000842   0x0000003e   Code   RO         5257    .text               c_w.l(strlen.o)
    0x08000880   0x08000880   0x00000096   Code   RO         5259    .text               c_w.l(strncmp.o)
    0x08000916   0x08000916   0x0000008a   Code   RO         5261    .text               c_w.l(rt_memcpy_v6.o)
    0x080009a0   0x080009a0   0x00000064   Code   RO         5263    .text               c_w.l(rt_memcpy_w.o)
    0x08000a04   0x08000a04   0x00000044   Code   RO         5265    .text               c_w.l(rt_memclr.o)
    0x08000a48   0x08000a48   0x0000004e   Code   RO         5267    .text               c_w.l(rt_memclr_w.o)
    0x08000a96   0x08000a96   0x00000006   Code   RO         5269    .text               c_w.l(heapauxi.o)
    0x08000a9c   0x08000a9c   0x00000010   Code   RO         5346    .text               c_w.l(rt_ctype_table.o)
    0x08000aac   0x08000aac   0x00000008   Code   RO         5351    .text               c_w.l(rt_heap_descriptor_intlibspace.o)
    0x08000ab4   0x08000ab4   0x00000008   Code   RO         5356    .text               c_w.l(rt_errno_addr_intlibspace.o)
    0x08000abc   0x08000abc   0x00000004   Code   RO         5358    .text               c_w.l(hguard.o)
    0x08000ac0   0x08000ac0   0x0000008a   Code   RO         5360    .text               c_w.l(init_alloc.o)
    0x08000b4a   0x08000b4a   0x0000000e   Code   RO         5364    .text               c_w.l(h1_init.o)
    0x08000b58   0x08000b58   0x00000016   Code   RO         5378    .text               c_w.l(_rserrno.o)
    0x08000b6e   0x08000b6e   0x00000024   Code   RO         5380    .text               c_w.l(_printf_truncate.o)
    0x08000b92   0x08000b92   0x000000b2   Code   RO         5382    .text               c_w.l(_printf_intcommon.o)
    0x08000c44   0x08000c44   0x00000028   Code   RO         5384    .text               c_w.l(_printf_charcount.o)
    0x08000c6c   0x08000c6c   0x0000041e   Code   RO         5386    .text               c_w.l(_printf_fp_dec.o)
    0x0800108a   0x0800108a   0x00000002   PAD
    0x0800108c   0x0800108c   0x00000030   Code   RO         5388    .text               c_w.l(_printf_char_common.o)
    0x080010bc   0x080010bc   0x0000000a   Code   RO         5390    .text               c_w.l(_sputc.o)
    0x080010c6   0x080010c6   0x00000010   Code   RO         5392    .text               c_w.l(_snputc.o)
    0x080010d6   0x080010d6   0x0000002c   Code   RO         5394    .text               c_w.l(_printf_char.o)
    0x08001102   0x08001102   0x00000002   PAD
    0x08001104   0x08001104   0x00000024   Code   RO         5396    .text               c_w.l(_printf_char_file.o)
    0x08001128   0x08001128   0x000000bc   Code   RO         5398    .text               c_w.l(_printf_wctomb.o)
    0x080011e4   0x080011e4   0x0000007c   Code   RO         5401    .text               c_w.l(_printf_longlong_dec.o)
    0x08001260   0x08001260   0x00000070   Code   RO         5407    .text               c_w.l(_printf_oct_int_ll.o)
    0x080012d0   0x080012d0   0x00000070   Code   RO         5427    .text               c_w.l(strtol.o)
    0x08001340   0x08001340   0x00000008   Code   RO         5524    .text               c_w.l(libspace.o)
    0x08001348   0x08001348   0x00000008   Code   RO         5545    .text               c_w.l(rt_locale_intlibspace.o)
    0x08001350   0x08001350   0x00000034   Code   RO         5551    .text               c_w.l(h1_extend.o)
    0x08001384   0x08001384   0x0000008a   Code   RO         5555    .text               c_w.l(lludiv10.o)
    0x0800140e   0x0800140e   0x00000002   PAD
    0x08001410   0x08001410   0x000002fc   Code   RO         5557    .text               c_w.l(_printf_fp_hex.o)
    0x0800170c   0x0800170c   0x00000080   Code   RO         5560    .text               c_w.l(_printf_fp_infnan.o)
    0x0800178c   0x0800178c   0x0000002c   Code   RO         5564    .text               c_w.l(_printf_wchar.o)
    0x080017b8   0x080017b8   0x0000009e   Code   RO         5566    .text               c_w.l(_strtoul.o)
    0x08001856   0x08001856   0x00000002   PAD
    0x08001858   0x08001858   0x000000e4   Code   RO         5568    .text               c_w.l(bigflt0.o)
    0x0800193c   0x0800193c   0x00000008   Code   RO         5593    .text               c_w.l(ferror.o)
    0x08001944   0x08001944   0x00000040   Code   RO         5597    .text               c_w.l(_wcrtomb.o)
    0x08001984   0x08001984   0x0000000e   Code   RO         5605    .text               c_w.l(defsig_rtmem_outer.o)
    0x08001992   0x08001992   0x00000002   Code   RO         5622    .text               c_w.l(use_no_semi.o)
    0x08001994   0x08001994   0x00000000   Code   RO         5624    .text               c_w.l(indicate_semi.o)
    0x08001994   0x08001994   0x0000004a   Code   RO         5625    .text               c_w.l(sys_stackheap_outer.o)
    0x080019de   0x080019de   0x0000001c   Code   RO         5631    .text               c_w.l(_chval.o)
    0x080019fa   0x080019fa   0x00000012   Code   RO         5633    .text               c_w.l(exit.o)
    0x08001a0c   0x08001a0c   0x0000000a   Code   RO         5635    .text               c_w.l(defsig_exit.o)
    0x08001a16   0x08001a16   0x00000002   PAD
    0x08001a18   0x08001a18   0x00000050   Code   RO         5637    .text               c_w.l(defsig_rtmem_inner.o)
    0x08001a68   0x08001a68   0x00000080   Code   RO         5639    .text               c_w.l(strcmpv7m.o)
    0x08001ae8   0x08001ae8   0x00000032   Code   RO         5661    .text               c_w.l(defsig_general.o)
    0x08001b1a   0x08001b1a   0x0000000e   Code   RO         5681    .text               c_w.l(sys_wrch.o)
    0x08001b28   0x08001b28   0x0000003e   Code   RO         5571    CL$$btod_d2e        c_w.l(btod.o)
    0x08001b66   0x08001b66   0x00000046   Code   RO         5573    CL$$btod_d2e_denorm_low  c_w.l(btod.o)
    0x08001bac   0x08001bac   0x00000060   Code   RO         5572    CL$$btod_d2e_norm_op1  c_w.l(btod.o)
    0x08001c0c   0x08001c0c   0x00000338   Code   RO         5581    CL$$btod_div_common  c_w.l(btod.o)
    0x08001f44   0x08001f44   0x000000dc   Code   RO         5578    CL$$btod_e2e        c_w.l(btod.o)
    0x08002020   0x08002020   0x0000002a   Code   RO         5575    CL$$btod_ediv       c_w.l(btod.o)
    0x0800204a   0x0800204a   0x0000002a   Code   RO         5574    CL$$btod_emul       c_w.l(btod.o)
    0x08002074   0x08002074   0x00000244   Code   RO         5580    CL$$btod_mult_common  c_w.l(btod.o)
    0x080022b8   0x080022b8   0x00000016   Code   RO          131    i.ADC_Cmd           stm32f10x_adc.o
    0x080022ce   0x080022ce   0x00000002   PAD
    0x080022d0   0x080022d0   0x0000005c   Code   RO          133    i.ADC_DeInit        stm32f10x_adc.o
    0x0800232c   0x0800232c   0x00000014   Code   RO          139    i.ADC_GetCalibrationStatus  stm32f10x_adc.o
    0x08002340   0x08002340   0x00000008   Code   RO          140    i.ADC_GetConversionValue  stm32f10x_adc.o
    0x08002348   0x08002348   0x00000012   Code   RO          142    i.ADC_GetFlagStatus  stm32f10x_adc.o
    0x0800235a   0x0800235a   0x00000014   Code   RO          145    i.ADC_GetResetCalibrationStatus  stm32f10x_adc.o
    0x0800236e   0x0800236e   0x00000002   PAD
    0x08002370   0x08002370   0x00000050   Code   RO          149    i.ADC_Init          stm32f10x_adc.o
    0x080023c0   0x080023c0   0x000000b8   Code   RO          153    i.ADC_RegularChannelConfig  stm32f10x_adc.o
    0x08002478   0x08002478   0x0000000a   Code   RO          154    i.ADC_ResetCalibration  stm32f10x_adc.o
    0x08002482   0x08002482   0x00000016   Code   RO          156    i.ADC_SoftwareStartConvCmd  stm32f10x_adc.o
    0x08002498   0x08002498   0x0000000a   Code   RO          158    i.ADC_StartCalibration  stm32f10x_adc.o
    0x080024a2   0x080024a2   0x00000002   PAD
    0x080024a4   0x080024a4   0x0000008c   Code   RO         4278    i.Adc_Init          yl-69.o
    0x08002530   0x08002530   0x0000023c   Code   RO         3200    i.AppTaskCreate     main.o
    0x0800276c   0x0800276c   0x0000003c   Code   RO         4389    i.BH_Read           gy30.o
    0x080027a8   0x080027a8   0x00000034   Code   RO         4390    i.BH_Test           gy30.o
    0x080027dc   0x080027dc   0x00000028   Code   RO         4391    i.BH_send           gy30.o
    0x08002804   0x08002804   0x00000042   Code   RO         3201    i.BSP_Init          main.o
    0x08002846   0x08002846   0x00000004   Code   RO         3056    i.BusFault_Handler  stm32f10x_it.o
    0x0800284a   0x0800284a   0x00000002   PAD
    0x0800284c   0x0800284c   0x00000030   Code   RO         3202    i.CO2_Task          main.o
    0x0800287c   0x0800287c   0x0000001c   Code   RO         4186    i.DHT11_Mode_IPU    dht11.o
    0x08002898   0x08002898   0x00000024   Code   RO         4187    i.DHT11_Mode_Out_PP  dht11.o
    0x080028bc   0x080028bc   0x00000020   Code   RO         3203    i.DHT_Task          main.o
    0x080028dc   0x080028dc   0x00000002   Code   RO         3057    i.DebugMon_Handler  stm32f10x_it.o
    0x080028de   0x080028de   0x00000002   PAD
    0x080028e0   0x080028e0   0x00000048   Code   RO         4188    i.Dht11_Ack         dht11.o
    0x08002928   0x08002928   0x00000054   Code   RO         4189    i.Dht11_Init        dht11.o
    0x0800297c   0x0800297c   0x0000001c   Code   RO         4842    i.ESP8266_Clear     esp8266.o
    0x08002998   0x08002998   0x00000050   Code   RO         4843    i.ESP8266_GetIPD    esp8266.o
    0x080029e8   0x080029e8   0x0000022c   Code   RO         4844    i.ESP8266_Init      esp8266.o
    0x08002c14   0x08002c14   0x00000054   Code   RO         4845    i.ESP8266_SendCmd   esp8266.o
    0x08002c68   0x08002c68   0x00000048   Code   RO         4846    i.ESP8266_SendData  esp8266.o
    0x08002cb0   0x08002cb0   0x00000034   Code   RO         4847    i.ESP8266_WaitRecive  esp8266.o
    0x08002ce4   0x08002ce4   0x00000116   Code   RO         1240    i.GPIO_Init         stm32f10x_gpio.o
    0x08002dfa   0x08002dfa   0x00000012   Code   RO         1244    i.GPIO_ReadInputDataBit  stm32f10x_gpio.o
    0x08002e0c   0x08002e0c   0x00000004   Code   RO         1247    i.GPIO_ResetBits    stm32f10x_gpio.o
    0x08002e10   0x08002e10   0x00000004   Code   RO         1248    i.GPIO_SetBits      stm32f10x_gpio.o
    0x08002e14   0x08002e14   0x0000000a   Code   RO         1251    i.GPIO_WriteBit     stm32f10x_gpio.o
    0x08002e1e   0x08002e1e   0x00000002   PAD
    0x08002e20   0x08002e20   0x00000034   Code   RO         4279    i.Get_Adc           yl-69.o
    0x08002e54   0x08002e54   0x00000064   Code   RO         4280    i.Get_Adc_Average   yl-69.o
    0x08002eb8   0x08002eb8   0x00000004   Code   RO         3058    i.HardFault_Handler  stm32f10x_it.o
    0x08002ebc   0x08002ebc   0x0000004c   Code   RO         4392    i.I2C_GPIO_Config   gy30.o
    0x08002f08   0x08002f08   0x0000003c   Code   RO         4393    i.Init_BH1750       gy30.o
    0x08002f44   0x08002f44   0x0000003c   Code   RO         4152    i.KEY_Init          key.o
    0x08002f80   0x08002f80   0x00000050   Code   RO         4134    i.LED_Init          led.o
    0x08002fd0   0x08002fd0   0x00000058   Code   RO         3204    i.Light_Task        main.o
    0x08003028   0x08003028   0x0000001c   Code   RO         4894    i.MQTT_DeleteBuffer  mqttkit.o
    0x08003044   0x08003044   0x0000002e   Code   RO         4895    i.MQTT_DumpLength   mqttkit.o
    0x08003072   0x08003072   0x00000058   Code   RO         4896    i.MQTT_NewBuffer    mqttkit.o
    0x080030ca   0x080030ca   0x00000002   PAD
    0x080030cc   0x080030cc   0x000002a0   Code   RO         4898    i.MQTT_PacketConnect  mqttkit.o
    0x0800336c   0x0800336c   0x000001b8   Code   RO         4901    i.MQTT_PacketPublish  mqttkit.o
    0x08003524   0x08003524   0x00000048   Code   RO         4903    i.MQTT_PacketPublishComp  mqttkit.o
    0x0800356c   0x0800356c   0x00000048   Code   RO         4905    i.MQTT_PacketPublishRel  mqttkit.o
    0x080035b4   0x080035b4   0x000000fe   Code   RO         4908    i.MQTT_PacketSubscribe  mqttkit.o
    0x080036b2   0x080036b2   0x00000046   Code   RO         4910    i.MQTT_ReadLength   mqttkit.o
    0x080036f8   0x080036f8   0x0000008c   Code   RO         4911    i.MQTT_UnPacketCmd  mqttkit.o
    0x08003784   0x08003784   0x0000001e   Code   RO         4912    i.MQTT_UnPacketConnectAck  mqttkit.o
    0x080037a2   0x080037a2   0x00000002   PAD
    0x080037a4   0x080037a4   0x000001c0   Code   RO         4913    i.MQTT_UnPacketPublish  mqttkit.o
    0x08003964   0x08003964   0x0000001e   Code   RO         4914    i.MQTT_UnPacketPublishAck  mqttkit.o
    0x08003982   0x08003982   0x0000001e   Code   RO         4915    i.MQTT_UnPacketPublishComp  mqttkit.o
    0x080039a0   0x080039a0   0x0000001e   Code   RO         4916    i.MQTT_UnPacketPublishRec  mqttkit.o
    0x080039be   0x080039be   0x00000024   Code   RO         4917    i.MQTT_UnPacketPublishRel  mqttkit.o
    0x080039e2   0x080039e2   0x00000002   PAD
    0x080039e4   0x080039e4   0x00000074   Code   RO         4918    i.MQTT_UnPacketRecv  mqttkit.o
    0x08003a58   0x08003a58   0x00000034   Code   RO         4919    i.MQTT_UnPacketSubscribe  mqttkit.o
    0x08003a8c   0x08003a8c   0x00000012   Code   RO         4920    i.MQTT_UnPacketUnSubscribe  mqttkit.o
    0x08003a9e   0x08003a9e   0x0000004e   Code   RO         4190    i.Mcu_Control_Dht11  dht11.o
    0x08003aec   0x08003aec   0x0000002c   Code   RO         4191    i.Mcu_Send_Start_Sign  dht11.o
    0x08003b18   0x08003b18   0x00000004   Code   RO         3059    i.MemManage_Handler  stm32f10x_it.o
    0x08003b1c   0x08003b1c   0x00000002   Code   RO         3060    i.NMI_Handler       stm32f10x_it.o
    0x08003b1e   0x08003b1e   0x00000002   PAD
    0x08003b20   0x08003b20   0x00000070   Code   RO            1    i.NVIC_Init         misc.o
    0x08003b90   0x08003b90   0x00000014   Code   RO            2    i.NVIC_PriorityGroupConfig  misc.o
    0x08003ba4   0x08003ba4   0x000001e4   Code   RO         5078    i.OneNet_DevLink    onenet.o
    0x08003d88   0x08003d88   0x0000004a   Code   RO         5079    i.OneNet_Publish    onenet.o
    0x08003dd2   0x08003dd2   0x00000002   PAD
    0x08003dd4   0x08003dd4   0x00000358   Code   RO         5080    i.OneNet_RevPro     onenet.o
    0x0800412c   0x0800412c   0x0000006c   Code   RO         5081    i.OneNet_Subscribe  onenet.o
    0x08004198   0x08004198   0x00000060   Code   RO         3205    i.QT_Task           main.o
    0x080041f8   0x080041f8   0x00000018   Code   RO         1654    i.RCC_ADCCLKConfig  stm32f10x_rcc.o
    0x08004210   0x08004210   0x00000020   Code   RO         1656    i.RCC_APB1PeriphClockCmd  stm32f10x_rcc.o
    0x08004230   0x08004230   0x00000020   Code   RO         1658    i.RCC_APB2PeriphClockCmd  stm32f10x_rcc.o
    0x08004250   0x08004250   0x00000020   Code   RO         1659    i.RCC_APB2PeriphResetCmd  stm32f10x_rcc.o
    0x08004270   0x08004270   0x000000d4   Code   RO         1666    i.RCC_GetClocksFreq  stm32f10x_rcc.o
    0x08004344   0x08004344   0x00000060   Code   RO         4192    i.Read_Dht11_Data   dht11.o
    0x080043a4   0x080043a4   0x00000020   Code   RO         4302    i.SDA_IN            sgp30.o
    0x080043c4   0x080043c4   0x00000024   Code   RO         4303    i.SDA_OUT           sgp30.o
    0x080043e8   0x080043e8   0x00000038   Code   RO         4304    i.SGP30_GPIO_Init   sgp30.o
    0x08004420   0x08004420   0x00000038   Code   RO         4305    i.SGP30_IIC_Ack     sgp30.o
    0x08004458   0x08004458   0x00000038   Code   RO         4306    i.SGP30_IIC_NAck    sgp30.o
    0x08004490   0x08004490   0x0000005c   Code   RO         4307    i.SGP30_IIC_Read_Byte  sgp30.o
    0x080044ec   0x080044ec   0x00000064   Code   RO         4308    i.SGP30_IIC_Send_Byte  sgp30.o
    0x08004550   0x08004550   0x00000038   Code   RO         4309    i.SGP30_IIC_Start   sgp30.o
    0x08004588   0x08004588   0x00000038   Code   RO         4310    i.SGP30_IIC_Stop    sgp30.o
    0x080045c0   0x080045c0   0x00000054   Code   RO         4311    i.SGP30_IIC_Wait_Ack  sgp30.o
    0x08004614   0x08004614   0x00000010   Code   RO         4312    i.SGP30_Init        sgp30.o
    0x08004624   0x08004624   0x00000048   Code   RO         4313    i.SGP30_Read        sgp30.o
    0x0800466c   0x0800466c   0x00000034   Code   RO         4314    i.SGP30_Write       sgp30.o
    0x080046a0   0x080046a0   0x00000008   Code   RO         3166    i.SetSysClock       system_stm32f10x.o
    0x080046a8   0x080046a8   0x000000e0   Code   RO         3167    i.SetSysClockTo72   system_stm32f10x.o
    0x08004788   0x08004788   0x00000028   Code   RO            5    i.SysTick_CLKSourceConfig  misc.o
    0x080047b0   0x080047b0   0x00000010   Code   RO         3061    i.SysTick_Handler   stm32f10x_it.o
    0x080047c0   0x080047c0   0x0000005c   Code   RO         4009    i.SysTick_Init      delay.o
    0x0800481c   0x0800481c   0x00000060   Code   RO         3169    i.SystemInit        system_stm32f10x.o
    0x0800487c   0x0800487c   0x00000088   Code   RO         4069    i.USART1_IRQHandler  usart.o
    0x08004904   0x08004904   0x0000004c   Code   RO         4848    i.USART2_IRQHandler  esp8266.o
    0x08004950   0x08004950   0x00000012   Code   RO         2822    i.USART_ClearFlag   stm32f10x_usart.o
    0x08004962   0x08004962   0x00000018   Code   RO         2826    i.USART_Cmd         stm32f10x_usart.o
    0x0800497a   0x0800497a   0x0000001a   Code   RO         2829    i.USART_GetFlagStatus  stm32f10x_usart.o
    0x08004994   0x08004994   0x00000054   Code   RO         2830    i.USART_GetITStatus  stm32f10x_usart.o
    0x080049e8   0x080049e8   0x0000004a   Code   RO         2832    i.USART_ITConfig    stm32f10x_usart.o
    0x08004a32   0x08004a32   0x00000002   PAD
    0x08004a34   0x08004a34   0x000000d8   Code   RO         2833    i.USART_Init        stm32f10x_usart.o
    0x08004b0c   0x08004b0c   0x0000000a   Code   RO         2840    i.USART_ReceiveData  stm32f10x_usart.o
    0x08004b16   0x08004b16   0x00000008   Code   RO         2843    i.USART_SendData    stm32f10x_usart.o
    0x08004b1e   0x08004b1e   0x00000004   Code   RO         3062    i.UsageFault_Handler  stm32f10x_it.o
    0x08004b22   0x08004b22   0x00000002   PAD
    0x08004b24   0x08004b24   0x000000ac   Code   RO         4070    i.Usart2_Init       usart.o
    0x08004bd0   0x08004bd0   0x00000048   Code   RO         4071    i.UsartPrintf       usart.o
    0x08004c18   0x08004c18   0x00000032   Code   RO         4072    i.Usart_SendString  usart.o
    0x08004c4a   0x08004c4a   0x00000002   PAD
    0x08004c4c   0x08004c4c   0x00000038   Code   RO         4135    i.YL69DO            led.o
    0x08004c84   0x08004c84   0x00000028   Code   RO         5509    i.__ARM_fpclassify  m_ws.l(fpclassify.o)
    0x08004cac   0x08004cac   0x000000aa   Code   RO         5511    i.__kernel_poly     m_ws.l(poly.o)
    0x08004d56   0x08004d56   0x00000002   PAD
    0x08004d58   0x08004d58   0x00000010   Code   RO         5495    i.__mathlib_dbl_divzero  m_ws.l(dunder.o)
    0x08004d68   0x08004d68   0x00000004   Code   RO         5497    i.__mathlib_dbl_infnan2  m_ws.l(dunder.o)
    0x08004d6c   0x08004d6c   0x0000000c   Code   RO         5498    i.__mathlib_dbl_invalid  m_ws.l(dunder.o)
    0x08004d78   0x08004d78   0x0000000e   Code   RO         5499    i.__mathlib_dbl_overflow  m_ws.l(dunder.o)
    0x08004d86   0x08004d86   0x00000002   PAD
    0x08004d88   0x08004d88   0x00000010   Code   RO         5501    i.__mathlib_dbl_underflow  m_ws.l(dunder.o)
    0x08004d98   0x08004d98   0x0000000e   Code   RO         5231    i._is_digit         c_w.l(__printf_wp.o)
    0x08004da6   0x08004da6   0x00000004   Code   RO         4073    i._sys_exit         usart.o
    0x08004daa   0x08004daa   0x00000002   PAD
    0x08004dac   0x08004dac   0x00000034   Code   RO         3206    i.autowater_Task    main.o
    0x08004de0   0x08004de0   0x00000058   Code   RO         4497    i.cJSON_Delete      cjson.o
    0x08004e38   0x08004e38   0x0000000c   Code   RO         4505    i.cJSON_GetErrorPtr  cjson.o
    0x08004e44   0x08004e44   0x0000001e   Code   RO         4506    i.cJSON_GetObjectItem  cjson.o
    0x08004e62   0x08004e62   0x00000002   PAD
    0x08004e64   0x08004e64   0x00000020   Code   RO         4510    i.cJSON_New_Item    cjson.o
    0x08004e84   0x08004e84   0x00000010   Code   RO         4511    i.cJSON_Parse       cjson.o
    0x08004e94   0x08004e94   0x00000064   Code   RO         4512    i.cJSON_ParseWithOpts  cjson.o
    0x08004ef8   0x08004ef8   0x0000004c   Code   RO         4518    i.cJSON_strcasecmp  cjson.o
    0x08004f44   0x08004f44   0x00000040   Code   RO         4010    i.delay_ms          delay.o
    0x08004f84   0x08004f84   0x00000048   Code   RO         4011    i.delay_us          delay.o
    0x08004fcc   0x08004fcc   0x0000001c   Code   RO         4074    i.fputc             usart.o
    0x08004fe8   0x08004fe8   0x0000003c   Code   RO         4394    i.i2c_Ack           gy30.o
    0x08005024   0x08005024   0x00000020   Code   RO         4395    i.i2c_CheckDevice   gy30.o
    0x08005044   0x08005044   0x0000000e   Code   RO         4396    i.i2c_Delay         gy30.o
    0x08005052   0x08005052   0x00000002   PAD
    0x08005054   0x08005054   0x00000034   Code   RO         4397    i.i2c_NAck          gy30.o
    0x08005088   0x08005088   0x00000048   Code   RO         4398    i.i2c_ReadByte      gy30.o
    0x080050d0   0x080050d0   0x00000064   Code   RO         4399    i.i2c_SendByte      gy30.o
    0x08005134   0x08005134   0x0000003c   Code   RO         4400    i.i2c_Start         gy30.o
    0x08005170   0x08005170   0x0000002c   Code   RO         4401    i.i2c_Stop          gy30.o
    0x0800519c   0x0800519c   0x00000048   Code   RO         4402    i.i2c_WaitAck       gy30.o
    0x080051e4   0x080051e4   0x00000050   Code   RO         3207    i.main              main.o
    0x08005234   0x08005234   0x000000ac   Code   RO         4522    i.parse_array       cjson.o
    0x080052e0   0x080052e0   0x00000114   Code   RO         4523    i.parse_hex4        cjson.o
    0x080053f4   0x080053f4   0x000001bc   Code   RO         4524    i.parse_number      cjson.o
    0x080055b0   0x080055b0   0x00000114   Code   RO         4525    i.parse_object      cjson.o
    0x080056c4   0x080056c4   0x000001cc   Code   RO         4526    i.parse_string      cjson.o
    0x08005890   0x08005890   0x000000bc   Code   RO         4527    i.parse_value       cjson.o
    0x0800594c   0x0800594c   0x000009d8   Code   RO         5334    i.pow               m_ws.l(pow.o)
    0x08006324   0x08006324   0x00000098   Code   RO         3593    i.prvAddCurrentTaskToDelayedList  tasks.o
    0x080063bc   0x080063bc   0x000000b4   Code   RO         3594    i.prvAddNewTaskToReadyList  tasks.o
    0x08006470   0x08006470   0x00000064   Code   RO         3595    i.prvCheckTasksWaitingTermination  tasks.o
    0x080064d4   0x080064d4   0x00000012   Code   RO         3596    i.prvDeleteTCB      tasks.o
    0x080064e6   0x080064e6   0x00000002   PAD
    0x080064e8   0x080064e8   0x0000007c   Code   RO         3960    i.prvHeapInit       heap_4.o
    0x08006564   0x08006564   0x00000028   Code   RO         3597    i.prvIdleTask       tasks.o
    0x0800658c   0x0800658c   0x000000d0   Code   RO         3598    i.prvInitialiseNewTask  tasks.o
    0x0800665c   0x0800665c   0x00000068   Code   RO         3599    i.prvInitialiseTaskLists  tasks.o
    0x080066c4   0x080066c4   0x00000068   Code   RO         3961    i.prvInsertBlockIntoFreeList  heap_4.o
    0x0800672c   0x0800672c   0x00000034   Code   RO         3600    i.prvResetNextTaskUnblockTime  tasks.o
    0x08006760   0x08006760   0x00000074   Code   RO         3884    i.prvTaskExitError  port.o
    0x080067d4   0x080067d4   0x00000158   Code   RO         3962    i.pvPortMalloc      heap_4.o
    0x0800692c   0x0800692c   0x00000024   Code   RO         3885    i.pxPortInitialiseStack  port.o
    0x08006950   0x08006950   0x00000040   Code   RO         4242    i.relay_init        relays.o
    0x08006990   0x08006990   0x00000010   Code   RO         4243    i.relay_off         relays.o
    0x080069a0   0x080069a0   0x00000010   Code   RO         4244    i.relay_on          relays.o
    0x080069b0   0x080069b0   0x0000001c   Code   RO         3208    i.shidu_Task        main.o
    0x080069cc   0x080069cc   0x00000012   Code   RO         4535    i.skip              cjson.o
    0x080069de   0x080069de   0x00000002   PAD
    0x080069e0   0x080069e0   0x00000014   Code   RO         4245    i.soil_off          relays.o
    0x080069f4   0x080069f4   0x00000014   Code   RO         4246    i.soil_on           relays.o
    0x08006a08   0x08006a08   0x0000004c   Code   RO         5515    i.sqrt              m_ws.l(sqrt.o)
    0x08006a54   0x08006a54   0x000000a0   Code   RO         4075    i.uart_init         usart.o
    0x08006af4   0x08006af4   0x00000028   Code   RO         3408    i.uxListRemove      list.o
    0x08006b1c   0x08006b1c   0x0000001a   Code   RO         3409    i.vListInitialise   list.o
    0x08006b36   0x08006b36   0x00000006   Code   RO         3410    i.vListInitialiseItem  list.o
    0x08006b3c   0x08006b3c   0x00000034   Code   RO         3411    i.vListInsert       list.o
    0x08006b70   0x08006b70   0x00000018   Code   RO         3412    i.vListInsertEnd    list.o
    0x08006b88   0x08006b88   0x0000008c   Code   RO         3887    i.vPortEnterCritical  port.o
    0x08006c14   0x08006c14   0x00000074   Code   RO         3888    i.vPortExitCritical  port.o
    0x08006c88   0x08006c88   0x000000bc   Code   RO         3963    i.vPortFree         heap_4.o
    0x08006d44   0x08006d44   0x00000020   Code   RO         3889    i.vPortSetupTimerInterrupt  port.o
    0x08006d64   0x08006d64   0x00000084   Code   RO         3607    i.vTaskDelay        tasks.o
    0x08006de8   0x08006de8   0x0000011c   Code   RO         3609    i.vTaskDelete       tasks.o
    0x08006f04   0x08006f04   0x000000b4   Code   RO         3618    i.vTaskStartScheduler  tasks.o
    0x08006fb8   0x08006fb8   0x00000010   Code   RO         3620    i.vTaskSuspendAll   tasks.o
    0x08006fc8   0x08006fc8   0x000000b8   Code   RO         3621    i.vTaskSwitchContext  tasks.o
    0x08007080   0x08007080   0x0000012c   Code   RO         3209    i.wifi_Task         main.o
    0x080071ac   0x080071ac   0x000000a0   Code   RO         3891    i.xPortStartScheduler  port.o
    0x0800724c   0x0800724c   0x00000034   Code   RO         3892    i.xPortSysTickHandler  port.o
    0x08007280   0x08007280   0x00000060   Code   RO         3623    i.xTaskCreate       tasks.o
    0x080072e0   0x080072e0   0x00000020   Code   RO         3626    i.xTaskGetSchedulerState  tasks.o
    0x08007300   0x08007300   0x00000170   Code   RO         3629    i.xTaskIncrementTick  tasks.o
    0x08007470   0x08007470   0x00000130   Code   RO         3634    i.xTaskResumeAll    tasks.o
    0x080075a0   0x080075a0   0x0000002c   Code   RO         5600    locale$$code        c_w.l(lc_ctype_c.o)
    0x080075cc   0x080075cc   0x0000002c   Code   RO         5603    locale$$code        c_w.l(lc_numeric_c.o)
    0x080075f8   0x080075f8   0x00000062   Code   RO         5273    x$fpl$d2f           fz_ws.l(d2f.o)
    0x0800765a   0x0800765a   0x00000002   PAD
    0x0800765c   0x0800765c   0x00000150   Code   RO         5275    x$fpl$dadd          fz_ws.l(daddsub_clz.o)
    0x080077ac   0x080077ac   0x00000010   Code   RO         5614    x$fpl$dcheck1       fz_ws.l(dcheck1.o)
    0x080077bc   0x080077bc   0x00000018   Code   RO         5476    x$fpl$dcmpinf       fz_ws.l(dcmpi.o)
    0x080077d4   0x080077d4   0x000002b0   Code   RO         5282    x$fpl$ddiv          fz_ws.l(ddiv.o)
    0x08007a84   0x08007a84   0x0000005e   Code   RO         5287    x$fpl$dfix          fz_ws.l(dfix.o)
    0x08007ae2   0x08007ae2   0x0000002e   Code   RO         5292    x$fpl$dflt          fz_ws.l(dflt_clz.o)
    0x08007b10   0x08007b10   0x00000026   Code   RO         5291    x$fpl$dfltu         fz_ws.l(dflt_clz.o)
    0x08007b36   0x08007b36   0x00000002   PAD
    0x08007b38   0x08007b38   0x00000078   Code   RO         5297    x$fpl$dleqf         fz_ws.l(dleqf.o)
    0x08007bb0   0x08007bb0   0x00000154   Code   RO         5299    x$fpl$dmul          fz_ws.l(dmul.o)
    0x08007d04   0x08007d04   0x0000009c   Code   RO         5478    x$fpl$dnaninf       fz_ws.l(dnaninf.o)
    0x08007da0   0x08007da0   0x0000000c   Code   RO         5480    x$fpl$dretinf       fz_ws.l(dretinf.o)
    0x08007dac   0x08007dac   0x0000006c   Code   RO         5301    x$fpl$drleqf        fz_ws.l(drleqf.o)
    0x08007e18   0x08007e18   0x00000016   Code   RO         5276    x$fpl$drsb          fz_ws.l(daddsub_clz.o)
    0x08007e2e   0x08007e2e   0x00000002   PAD
    0x08007e30   0x08007e30   0x000001cc   Code   RO         5616    x$fpl$dsqrt         fz_ws.l(dsqrt_noumaal.o)
    0x08007ffc   0x08007ffc   0x000001d4   Code   RO         5277    x$fpl$dsub          fz_ws.l(daddsub_clz.o)
    0x080081d0   0x080081d0   0x00000056   Code   RO         5303    x$fpl$f2d           fz_ws.l(f2d.o)
    0x08008226   0x08008226   0x00000002   PAD
    0x08008228   0x08008228   0x000000c4   Code   RO         5305    x$fpl$fadd          fz_ws.l(faddsub_clz.o)
    0x080082ec   0x080082ec   0x00000184   Code   RO         5312    x$fpl$fdiv          fz_ws.l(fdiv.o)
    0x08008470   0x08008470   0x00000036   Code   RO         5315    x$fpl$ffix          fz_ws.l(ffix.o)
    0x080084a6   0x080084a6   0x00000002   PAD
    0x080084a8   0x080084a8   0x00000026   Code   RO         5319    x$fpl$ffltu         fz_ws.l(fflt_clz.o)
    0x080084ce   0x080084ce   0x00000002   PAD
    0x080084d0   0x080084d0   0x00000102   Code   RO         5325    x$fpl$fmul          fz_ws.l(fmul.o)
    0x080085d2   0x080085d2   0x0000008c   Code   RO         5482    x$fpl$fnaninf       fz_ws.l(fnaninf.o)
    0x0800865e   0x0800865e   0x0000000a   Code   RO         5484    x$fpl$fretinf       fz_ws.l(fretinf.o)
    0x08008668   0x08008668   0x000000ea   Code   RO         5307    x$fpl$fsub          fz_ws.l(faddsub_clz.o)
    0x08008752   0x08008752   0x00000004   Code   RO         5327    x$fpl$printf1       fz_ws.l(printf1.o)
    0x08008756   0x08008756   0x00000004   Code   RO         5486    x$fpl$printf2       fz_ws.l(printf2.o)
    0x0800875a   0x0800875a   0x00000064   Code   RO         5651    x$fpl$retnan        fz_ws.l(retnan.o)
    0x080087be   0x080087be   0x0000005c   Code   RO         5492    x$fpl$scalbn        fz_ws.l(scalbn.o)
    0x0800881a   0x0800881a   0x00000030   Code   RO         5679    x$fpl$trapveneer    fz_ws.l(trapv.o)
    0x0800884a   0x0800884a   0x00000000   Code   RO         5494    x$fpl$usenofp       fz_ws.l(usenofp.o)
    0x0800884a   0x0800884a   0x00000002   PAD
    0x0800884c   0x0800884c   0x00000008   Data   RO         3211    .constdata          main.o
    0x08008854   0x08008854   0x00000007   Data   RO         4538    .constdata          cjson.o
    0x0800885b   0x0800885b   0x00000028   Data   RO         5219    .constdata          c_w.l(_printf_hex_int_ll_ptr.o)
    0x08008883   0x08008883   0x00000011   Data   RO         5239    .constdata          c_w.l(__printf_flags_ss_wp.o)
    0x08008894   0x08008894   0x00000004   PAD
    0x08008898   0x08008898   0x00000088   Data   RO         5335    .constdata          m_ws.l(pow.o)
    0x08008920   0x08008920   0x00000008   Data   RO         5399    .constdata          c_w.l(_printf_wctomb.o)
    0x08008928   0x08008928   0x00000008   Data   RO         5513    .constdata          m_ws.l(qnan.o)
    0x08008930   0x08008930   0x00000026   Data   RO         5558    .constdata          c_w.l(_printf_fp_hex.o)
    0x08008956   0x08008956   0x00000002   PAD
    0x08008958   0x08008958   0x00000094   Data   RO         5569    .constdata          c_w.l(bigflt0.o)
    0x080089ec   0x080089ec   0x0000000d   Data   RO         3212    .conststring        main.o
    0x080089f9   0x080089f9   0x00000003   PAD
    0x080089fc   0x080089fc   0x00000020   Data   RO         5711    Region$$Table       anon$$obj.o
    0x08008a1c   0x08008a1c   0x00000110   Data   RO         5599    locale$$data        c_w.l(lc_ctype_c.o)
    0x08008b2c   0x08008b2c   0x0000001c   Data   RO         5602    locale$$data        c_w.l(lc_numeric_c.o)


    Execution Region RW_IRAM1 (Exec base: 0x20000000, Load base: 0x08008b48, Size: 0x00009c78, Max: 0x00010000, ABSOLUTE)

    Exec Addr    Load Addr    Size         Type   Attr      Idx    E Section Name        Object

    0x20000000   0x08008b48   0x00000014   Data   RW         1686    .data               stm32f10x_rcc.o
    0x20000014   0x08008b5c   0x00000014   Data   RW         3170    .data               system_stm32f10x.o
    0x20000028   0x08008b70   0x00000044   Data   RW         3213    .data               main.o
    0x2000006c   0x08008bb4   0x0000003c   Data   RW         3637    .data               tasks.o
    0x200000a8   0x08008bf0   0x0000000c   Data   RW         3893    .data               port.o
    0x200000b4   0x08008bfc   0x00000018   Data   RW         3968    .data               heap_4.o
    0x200000cc   0x08008c14   0x00000004   Data   RW         4013    .data               delay.o
    0x200000d0   0x08008c18   0x00000006   Data   RW         4077    .data               usart.o
    0x200000d6   0x08008c1e   0x00000002   PAD
    0x200000d8   0x08008c20   0x0000000c   Data   RW         4539    .data               cjson.o
    0x200000e4   0x08008c2c   0x00000004   Data   RW         4850    .data               esp8266.o
    0x200000e8   0x08008c30   0x00000002   Data   RW         5082    .data               onenet.o
    0x200000ea   0x08008c32   0x00000002   PAD
    0x200000ec        -       0x00000100   Zero   RW         3210    .bss                main.o
    0x200001ec        -       0x000002e4   Zero   RW         3636    .bss                tasks.o
    0x200004d0        -       0x00009000   Zero   RW         3967    .bss                heap_4.o
    0x200094d0        -       0x000000c8   Zero   RW         4076    .bss                usart.o
    0x20009598        -       0x00000080   Zero   RW         4849    .bss                esp8266.o
    0x20009618        -       0x00000060   Zero   RW         5525    .bss                c_w.l(libspace.o)
    0x20009678        -       0x00000200   Zero   RW         3160    HEAP                startup_stm32f10x_hd.o
    0x20009878        -       0x00000400   Zero   RW         3159    STACK               startup_stm32f10x_hd.o


==============================================================================

Image component sizes


      Code (inc. data)   RO Data    RW Data    ZI Data      Debug   Object Name

      2188         88          7         12          0      12025   cjson.o
         0          0          0          0          0         32   core_cm3.o
       228         24          0          4          0       1757   delay.o
       438         34          0          0          0       3781   dht11.o
       948        362          0          4        128       4859   esp8266.o
         0          0          0          0          0       1472   event_groups.o
       794         94          0          0          0       6430   gy30.o
       760        184          0         24      36864       3655   heap_4.o
        60          8          0          0          0        451   key.o
       136         14          0          0          0        952   led.o
       148          0          0          0          0       2962   list.o
      1362        514         21         68        256       5844   main.o
       172         22          0          0          0     243149   misc.o
      2672         26          0          0          0      16592   mqttkit.o
      1522        658          0          2          0       6723   onenet.o
       802        258          0         12          0       9136   port.o
       136         26          0          0          0       2105   relays.o
       764         44          0          0          0       6410   sgp30.o
        64         26        304          0       1536        764   startup_stm32f10x_hd.o
       486         24          0          0          0       8106   stm32f10x_adc.o
       314          0          0          0          0       3996   stm32f10x_gpio.o
        36          0          0          0          0      12651   stm32f10x_it.o
       332         44          0         20          0       5266   stm32f10x_rcc.o
       460          6          0          0          0       6363   stm32f10x_usart.o
       328         28          0         20          0       1957   system_stm32f10x.o
      2450        684          0         60        740      22128   tasks.o
       622         36          0          6        200       6563   usart.o
       292         26          0          0          0       1771   yl-69.o

    ----------------------------------------------------------------------
     18554       3230        367        236      39724     397900   Object Totals
         0          0         32          0          0          0   (incl. Generated)
        40          0          3          4          0          0   (incl. Padding)

    ----------------------------------------------------------------------

      Code (inc. data)   RO Data    RW Data    ZI Data      Debug   Library Member Name

        24          4          0          0          0         84   __2printf.o
        44          6          0          0          0         84   __2sprintf.o
         8          0          0          0          0         68   __main.o
       392          4         17          0          0         92   __printf_flags_ss_wp.o
        14          0          0          0          0         68   __printf_wp.o
         0          0          0          0          0          0   __rtentry.o
        12          0          0          0          0          0   __rtentry2.o
         6          0          0          0          0          0   __rtentry4.o
        52          8          0          0          0          0   __scatter.o
        26          0          0          0          0          0   __scatter_copy.o
        28          0          0          0          0          0   __scatter_zi.o
        28          0          0          0          0         68   _chval.o
         6          0          0          0          0          0   _printf_a.o
         6          0          0          0          0          0   _printf_c.o
        44          0          0          0          0        108   _printf_char.o
        48          6          0          0          0         96   _printf_char_common.o
        36          4          0          0          0         80   _printf_char_file.o
        40          0          0          0          0         68   _printf_charcount.o
         6          0          0          0          0          0   _printf_d.o
       120         16          0          0          0         92   _printf_dec.o
         6          0          0          0          0          0   _printf_e.o
         6          0          0          0          0          0   _printf_f.o
      1054          0          0          0          0        216   _printf_fp_dec.o
       764          8         38          0          0        100   _printf_fp_hex.o
       128         16          0          0          0         84   _printf_fp_infnan.o
         6          0          0          0          0          0   _printf_g.o
       148          4         40          0          0        160   _printf_hex_int_ll_ptr.o
         6          0          0          0          0          0   _printf_i.o
       178          0          0          0          0         88   _printf_intcommon.o
        10          0          0          0          0          0   _printf_l.o
         6          0          0          0          0          0   _printf_lc.o
        10          0          0          0          0          0   _printf_ll.o
         6          0          0          0          0          0   _printf_lld.o
         6          0          0          0          0          0   _printf_lli.o
         6          0          0          0          0          0   _printf_llo.o
         6          0          0          0          0          0   _printf_llu.o
         6          0          0          0          0          0   _printf_llx.o
       124         16          0          0          0         92   _printf_longlong_dec.o
         6          0          0          0          0          0   _printf_ls.o
         6          0          0          0          0          0   _printf_n.o
         6          0          0          0          0          0   _printf_o.o
       112         10          0          0          0        124   _printf_oct_int_ll.o
         6          0          0          0          0          0   _printf_p.o
        78          0          0          0          0        108   _printf_pad.o
         0          0          0          0          0          0   _printf_percent.o
         4          0          0          0          0          0   _printf_percent_end.o
         6          0          0          0          0          0   _printf_s.o
        82          0          0          0          0         80   _printf_str.o
        36          0          0          0          0         84   _printf_truncate.o
         6          0          0          0          0          0   _printf_u.o
        44          0          0          0          0        108   _printf_wchar.o
       188          6          8          0          0         92   _printf_wctomb.o
         6          0          0          0          0          0   _printf_x.o
        22          0          0          0          0        100   _rserrno.o
        16          0          0          0          0         68   _snputc.o
        10          0          0          0          0         68   _sputc.o
       158          0          0          0          0         92   _strtoul.o
        64          0          0          0          0         92   _wcrtomb.o
        26          0          0          0          0         80   atoi.o
       228          4        148          0          0         96   bigflt0.o
      1936        128          0          0          0        672   btod.o
        10          0          0          0          0         68   defsig_exit.o
        50          0          0          0          0         88   defsig_general.o
        80         58          0          0          0         76   defsig_rtmem_inner.o
        14          0          0          0          0         80   defsig_rtmem_outer.o
        18          0          0          0          0         80   exit.o
         8          0          0          0          0         68   ferror.o
        94          0          0          0          0         80   h1_alloc.o
        52          0          0          0          0         68   h1_extend.o
        78          0          0          0          0         80   h1_free.o
        14          0          0          0          0         84   h1_init.o
         6          0          0          0          0        152   heapauxi.o
         4          0          0          0          0        136   hguard.o
         0          0          0          0          0          0   indicate_semi.o
       138          0          0          0          0        168   init_alloc.o
        44         10        272          0          0         76   lc_ctype_c.o
        44         10         28          0          0         76   lc_numeric_c.o
         2          0          0          0          0          0   libinit.o
        38          0          0          0          0          0   libinit2.o
         2          0          0          0          0          0   libshutdown.o
         2          0          0          0          0          0   libshutdown2.o
         8          4          0          0         96         68   libspace.o
       138          0          0          0          0         80   lludiv10.o
         0          0          0          0          0          0   maybetermalloc1.o
        16          4          0          0          0         76   rt_ctype_table.o
         8          4          0          0          0         68   rt_errno_addr_intlibspace.o
         8          4          0          0          0         68   rt_heap_descriptor_intlibspace.o
         8          4          0          0          0         68   rt_locale_intlibspace.o
        68          0          0          0          0         68   rt_memclr.o
        78          0          0          0          0         80   rt_memclr_w.o
       138          0          0          0          0         68   rt_memcpy_v6.o
       100          0          0          0          0         80   rt_memcpy_w.o
         2          0          0          0          0          0   rtexit.o
        10          0          0          0          0          0   rtexit2.o
        20          0          0          0          0         68   strchr.o
       128          0          0          0          0         68   strcmpv7m.o
        62          0          0          0          0         76   strlen.o
        36          0          0          0          0         76   strncat.o
       150          0          0          0          0         80   strncmp.o
        36          0          0          0          0         80   strstr.o
       112          0          0          0          0         88   strtol.o
        74          0          0          0          0         80   sys_stackheap_outer.o
        14          0          0          0          0         76   sys_wrch.o
        26          0          0          0          0         76   tolower.o
         2          0          0          0          0         68   use_no_semi.o
        52          4          0          0          0         80   vsnprintf.o
        98          4          0          0          0         92   d2f.o
       826         16          0          0          0        348   daddsub_clz.o
        16          4          0          0          0         68   dcheck1.o
        24          0          0          0          0         68   dcmpi.o
       688        140          0          0          0        208   ddiv.o
        94          4          0          0          0         92   dfix.o
        84          0          0          0          0        136   dflt_clz.o
       120          4          0          0          0         92   dleqf.o
       340         12          0          0          0        104   dmul.o
       156          4          0          0          0         92   dnaninf.o
        12          0          0          0          0         68   dretinf.o
       108          0          0          0          0         80   drleqf.o
       460         56          0          0          0        120   dsqrt_noumaal.o
        86          4          0          0          0         84   f2d.o
       430          8          0          0          0        168   faddsub_clz.o
       388         76          0          0          0         96   fdiv.o
        54          4          0          0          0         84   ffix.o
        38          0          0          0          0         68   fflt_clz.o
       258          4          0          0          0         84   fmul.o
       140          4          0          0          0         84   fnaninf.o
        10          0          0          0          0         68   fretinf.o
         4          0          0          0          0         68   printf1.o
         4          0          0          0          0         68   printf2.o
       100          0          0          0          0         68   retnan.o
        92          0          0          0          0         68   scalbn.o
        48          0          0          0          0         68   trapv.o
         0          0          0          0          0          0   usenofp.o
        62         10          0          0          0        340   dunder.o
        40          0          0          0          0         68   fpclassify.o
       170          0          0          0          0         96   poly.o
      2520        190        136          0          0        324   pow.o
         0          0          8          0          0          0   qnan.o
        76          0          0          0          0         84   sqrt.o

    ----------------------------------------------------------------------
     16034        886        701          0         96      10088   Library Totals
        34          0          6          0          0          0   (incl. Padding)

    ----------------------------------------------------------------------

      Code (inc. data)   RO Data    RW Data    ZI Data      Debug   Library Name

      8454        342        551          0         96       6532   c_w.l
      4678        344          0          0          0       2644   fz_ws.l
      2868        200        144          0          0        912   m_ws.l

    ----------------------------------------------------------------------
     16034        886        701          0         96      10088   Library Totals

    ----------------------------------------------------------------------

==============================================================================


      Code (inc. data)   RO Data    RW Data    ZI Data      Debug   

     34588       4116       1068        236      39820     392800   Grand Totals
     34588       4116       1068        236      39820     392800   ELF Image Totals
     34588       4116       1068        236          0          0   ROM Totals

==============================================================================

    Total RO  Size (Code + RO Data)                35656 (  34.82kB)
    Total RW  Size (RW Data + ZI Data)             40056 (  39.12kB)
    Total ROM Size (Code + RO Data + RW Data)      35892 (  35.05kB)

==============================================================================

