<html>
<body>
<pre>
<h1>礦ision Build Log</h1>
<h2>Tool Versions:</h2>
IDE-Version: μVision V5.24.2.0
Copyright (C) 2017 ARM Ltd and ARM Germany GmbH. All rights reserved.
License Information: 1 czk, 1, LIC=X96CK-ZNKD5-WF2I7-EVAMI-EKBDF-05BIV
 
Tool Versions:
Toolchain:       MDK-ARM Plus  Version: 5.24.1
Toolchain Path:  D:\keil5\ARM\ARMCC\Bin
C Compiler:      Armcc.exe V5.06 update 5 (build 528)
Assembler:       Armasm.exe V5.06 update 5 (build 528)
Linker/Locator:  ArmLink.exe V5.06 update 5 (build 528)
Library Manager: ArmAr.exe V5.06 update 5 (build 528)
Hex Converter:   FromElf.exe V5.06 update 5 (build 528)
CPU DLL:         SARMCM3.DLL V5.24.1
Dialog DLL:      DCM.DLL V1.16.0.0
Target DLL:      UL2CM3.DLL V1.160.3.0
Dialog DLL:      TCM.DLL V1.32.0.0
 
<h2>Project:</h2>
D:\kkbs\FreeRTOS\Project\freertos.uvprojx
Project File Date:  02/28/2024

<h2>Output:</h2>
*** Using Compiler 'V5.06 update 5 (build 528)', folder: 'D:\keil5\ARM\ARMCC\Bin'
Rebuild target 'Target 1'
compiling stm32f10x_bkp.c...
compiling stm32f10x_fsmc.c...
compiling stm32f10x_dbgmcu.c...
compiling stm32f10x_crc.c...
compiling stm32f10x_flash.c...
compiling stm32f10x_i2c.c...
compiling stm32f10x_gpio.c...
compiling misc.c...
compiling stm32f10x_pwr.c...
compiling stm32f10x_dma.c...
compiling stm32f10x_dac.c...
compiling stm32f10x_adc.c...
compiling stm32f10x_cec.c...
compiling stm32f10x_exti.c...
compiling stm32f10x_iwdg.c...
compiling stm32f10x_can.c...
compiling stm32f10x_rtc.c...
compiling stm32f10x_rcc.c...
assembling startup_stm32f10x_hd.s...
compiling stm32f10x_sdio.c...
compiling stm32f10x_spi.c...
compiling stm32f10x_tim.c...
compiling stm32f10x_usart.c...
compiling core_cm3.c...
compiling stm32f10x_wwdg.c...
compiling system_stm32f10x.c...
compiling stm32f10x_it.c...
compiling croutine.c...
compiling list.c...
compiling main.c...
..\HARDWARE\soil_sensor\YL-69.h(1): warning:  #14-D: extra text after expected end of preprocessing directive
  #ifndef __YL-69_H
..\HARDWARE\soil_sensor\YL-69.h(2): warning:  #2775-D: white space is required between the macro name "__YL" and its replacement text
  #define __YL-69_H	
..\User\main.c(270): warning:  #223-D: function "memset" declared implicitly
  				memset(text, 0, sizeof(text));
..\User\main.c(308): warning:  #223-D: function "SGP30_Init" declared implicitly
  	SGP30_Init();
..\User\main.c(309): warning:  #223-D: function "SGP30_Write" declared implicitly
  	SGP30_Write(0x20,0x08);
..\User\main.c(310): warning:  #223-D: function "SGP30_Read" declared implicitly
  	sgp30_dat = SGP30_Read();//读取SGP30的值	
..\User\main.c: 6 warnings, 0 errors
compiling event_groups.c...
compiling queue.c...
compiling timers.c...
compiling heap_4.c...
compiling tasks.c...
compiling delay.c...
compiling port.c...
compiling led.c...
compiling usart.c...
compiling key.c...
..\HARDWARE\KEY\key.c(57): warning:  #223-D: function "delay_ms" declared implicitly
  		delay_ms(10);  //消抖
..\HARDWARE\KEY\key.c(71): warning:  #1-D: last line of file ends without a newline
  }
..\HARDWARE\KEY\key.c: 2 warnings, 0 errors
compiling beep.c...
compiling sys.c...
compiling YL-69.c...
..\HARDWARE\soil_sensor\YL-69.h(1): warning:  #14-D: extra text after expected end of preprocessing directive
  #ifndef __YL-69_H
..\HARDWARE\soil_sensor\YL-69.h(2): warning:  #2775-D: white space is required between the macro name "__YL" and its replacement text
  #define __YL-69_H	
..\HARDWARE\soil_sensor\YL-69.c: 2 warnings, 0 errors
compiling dht11.c...
compiling relays.c...
compiling MqttKit.c...
compiling cJSON.c...
..\Connection\cJSON.c(55): warning:  #1293-D: assignment in condition
        if (!(copy = (char*)cJSON_malloc(len))) return 0;
..\Connection\cJSON.c(278): warning:  #1293-D: assignment in condition
  	ptr=str;while ((token=*ptr) && ++len) {if (strchr("\"\\\b\f\n\r\t",token)) len++; else if (token<32) len+=5;ptr++;}
..\Connection\cJSON.c(352): warning:  #111-D: statement is unreachable
  	return p.buffer;
..\Connection\cJSON.c(423): warning:  #1293-D: assignment in condition
  		if (!(new_item=cJSON_New_Item())) return 0; 	/* memory fail */
..\Connection\cJSON.c(535): warning:  #1293-D: assignment in condition
  		if (!(new_item=cJSON_New_Item()))	return 0; /* memory fail */
..\Connection\cJSON.c: 5 warnings, 0 errors
compiling sgp30.c...
compiling onenet.c...
..\Connection\onenet.c(245): warning:  #223-D: function "relay_on" declared implicitly
  					{relay_on();}
..\Connection\onenet.c(247): warning:  #223-D: function "relay_off" declared implicitly
  					{relay_off();}
..\Connection\onenet.c: 2 warnings, 0 errors
compiling gy30.c...
..\HARDWARE\GY-30\gy30.c(311): warning:  #1-D: last line of file ends without a newline
  }
..\HARDWARE\GY-30\gy30.c: 1 warning, 0 errors
compiling esp8266.c...
linking...
Program Size: Code=34356 RO-data=1068 RW-data=216 ZI-data=39824  
FromELF: creating hex file...
".\Objects\freertos.axf" - 0 Error(s), 18 Warning(s).

<h2>Software Packages used:</h2>

Package Vendor: Keil
                http://www.keil.com/pack/Keil.STM32F1xx_DFP.2.3.0.pack
                Keil.STM32F1xx_DFP.2.3.0
                STMicroelectronics STM32F1 Series Device Support, Drivers and Examples

<h2>Collection of Component include folders:</h2>
  .\RTE\_Target_1
  D:\keil5\ARM\PACK\Keil\STM32F1xx_DFP\2.3.0\Device\Include

<h2>Collection of Component Files used:</h2>
Build Time Elapsed:  00:00:04
</pre>
</body>
</html>
